 paste

 Timestamp is 5acfb0e1 (Thu Apr 12 21:17:53 2018)

 Preferred load address is 10000000

 Start         Length     Name                   Class
 0001:00000000 00014d30H .text$di                CODE
 0001:00014d30 00087370H .text$mn                CODE
 0001:0009c0a0 000028b0H .text$x                 CODE
 0001:0009e950 0000060cH .text$yd                CODE
 0002:00000000 000001d4H .idata$5                DATA
 0002:000001d4 00000004H .00cfg                  DATA
 0002:000001d8 00000004H .CRT$XCA                DATA
 0002:000001dc 0000000cH .CRT$XCC                DATA
 0002:000001e8 00000008H .CRT$XCL                DATA
 0002:000001f0 000000c4H .CRT$XCU                DATA
 0002:000002b4 00000004H .CRT$XCZ                DATA
 0002:000002b8 00000004H .CRT$XIA                DATA
 0002:000002bc 00000018H .CRT$XIC                DATA
 0002:000002d4 00000004H .CRT$XIZ                DATA
 0002:000002d8 00000004H .CRT$XLA                DATA
 0002:000002dc 00000004H .CRT$XLZ                DATA
 0002:000002e0 00000004H .CRT$XPA                DATA
 0002:000002e4 00000008H .CRT$XPX                DATA
 0002:000002ec 00000004H .CRT$XPXA               DATA
 0002:000002f0 00000004H .CRT$XPZ                DATA
 0002:000002f4 00000004H .CRT$XTA                DATA
 0002:000002f8 00000008H .CRT$XTZ                DATA
 0002:000002fc 00000000H .gfids$y                DATA
 0002:00000300 0001c1b8H .rdata                  DATA
 0002:0001c4b8 00000018H .rdata$T                DATA
 0002:0001c4d0 00000d10H .rdata$r                DATA
 0002:0001d1e0 000001e4H .rdata$sxdata           DATA
 0002:0001d3c4 000003dcH .rdata$zzzdbg           DATA
 0002:0001d7a0 00000004H .rtc$IAA                DATA
 0002:0001d7a4 00000004H .rtc$IZZ                DATA
 0002:0001d7a8 00000004H .rtc$TAA                DATA
 0002:0001d7ac 00000004H .rtc$TZZ                DATA
 0002:0001d7b0 00000004H .tls                    DATA
 0002:0001d7b4 00000004H .tls$                   DATA
 0002:0001d7b8 00000008H .tls$ZZZ                DATA
 0002:0001d7c0 000031d4H .xdata$x                DATA
 0002:00020994 00000000H .edata                  DATA
 0002:00020994 00000064H .idata$2                DATA
 0002:000209f8 00000014H .idata$3                DATA
 0002:00020a0c 000001d4H .idata$4                DATA
 0002:00020be0 00000858H .idata$6                DATA
 0003:00000000 000da7b0H .data                   DATA
 0003:000da7b0 00000688H .data$r                 DATA
 0003:000dae38 00441c18H .bss                    DATA
 0004:00000000 000007e0H _RDATA                  DATA
 0005:00000000 00000060H .rsrc$01                DATA
 0005:00000060 00000180H .rsrc$02                DATA

  Address         Publics by Value              Rva+Base       Lib:Object

 0000:00000000       ___enclave_config          00000000     <absolute>
 0000:00000000       ___guard_longjmp_count     00000000     <absolute>
 0000:00000000       __except_list              00000000     <absolute>
 0000:00000000       ___guard_fids_count        00000000     <absolute>
 0000:00000000       ___dynamic_value_reloc_table 00000000     <absolute>
 0000:00000000       ___hybrid_code_map         00000000     <absolute>
 0000:00000000       ___guard_longjmp_table     00000000     <absolute>
 0000:00000000       ___guard_iat_table         00000000     <absolute>
 0000:00000000       ___guard_iat_count         00000000     <absolute>
 0000:00000000       ___hybrid_auxiliary_iat    00000000     <absolute>
 0000:00000000       ___guard_fids_table        00000000     <absolute>
 0000:00000000       ___hybrid_code_map_count   00000000     <absolute>
 0000:0000002c       __tls_array                0000002c     <absolute>
 0000:00000079       ___safe_se_handler_count   00000079     <absolute>
 0000:00000100       ___guard_flags             00000100     <absolute>
 0000:00000000       ___ImageBase               10000000     <linker-defined>
 0001:00014d30       ?MyColorEdit3@ImGui@@YA_NPBDQAMH@Z 10015d30 f   imguicolorpicker.obj
 0001:00014dc0       ?MyColorEdit4@ImGui@@YA_NPBDQAMH@Z 10015dc0 f   imguicolorpicker.obj
 0001:000155b0       ?MyColorPicker4@ImGui@@YA_NPBDQAMH@Z 100165b0 f   imguicolorpicker.obj
 0001:00015ed0       ___local_stdio_scanf_options 10016ed0 f i imguicolorpicker.obj
 0001:00015ee0       _sscanf_s                  10016ee0 f i imguicolorpicker.obj
 0001:00015f10       ??$_Construct@PA_S@?$basic_string@DU?$char_traits@D@std@@V?$allocator@D@2@@std@@QAEXPA_SQA_SUinput_iterator_tag@1@@Z 10016f10 f i Parser.obj
 0001:000160e0       ??$_Unfancy@V?$shared_ptr@VNode@valve_parser@@@std@@@std@@YAPAV?$shared_ptr@VNode@valve_parser@@@0@PAV10@@Z 100170e0 f i Parser.obj
 0001:000160f0       ??$_Uninitialized_move_al_unchecked@PAV?$shared_ptr@VNode@valve_parser@@@std@@PAV12@V?$allocator@V?$shared_ptr@VNode@valve_parser@@@std@@@2@@std@@YAPAV?$shared_ptr@VNode@valve_parser@@@0@PAV10@00AAV?$allocator@V?$shared_ptr@VNode@valve_parser@@@std@@@0@U_General_ptr_iterator_tag@0@U_Unused_parameter@0@@Z 100170f0 f i Parser.obj
 0001:00016150       ??$destroy@V?$shared_ptr@VNode@valve_parser@@@std@@@?$_Default_allocator_traits@V?$allocator@V?$shared_ptr@VNode@valve_parser@@@std@@@std@@@std@@SAXAAV?$allocator@V?$shared_ptr@VNode@valve_parser@@@std@@@1@QAV?$shared_ptr@VNode@valve_parser@@@1@@Z 10017150 f i Parser.obj
 0001:00016190       ??$emplace_back@ABV?$shared_ptr@VNode@valve_parser@@@std@@@?$vector@V?$shared_ptr@VNode@valve_parser@@@std@@V?$allocator@V?$shared_ptr@VNode@valve_parser@@@std@@@2@@std@@QAEXABV?$shared_ptr@VNode@valve_parser@@@1@@Z 10017190 f i Parser.obj
 0001:00016390       ??$emplace_back@AB_S@?$vector@_SV?$allocator@_S@std@@@std@@QAEXAB_S@Z 10017390 f i Parser.obj
 0001:00016480       ?_Tidy_deallocate@?$basic_string@DU?$char_traits@D@std@@V?$allocator@D@2@@std@@QAEXXZ 10017480 f i Parser.obj
 0001:00016480       ??1?$basic_string@DU?$char_traits@D@std@@V?$allocator@D@2@@std@@QAE@XZ 10017480 f i Parser.obj
 0001:000164d0       ??1?$shared_ptr@VNode@valve_parser@@@std@@QAE@XZ 100174d0 f i Parser.obj
 0001:00016500       ??1?$vector@_SV?$allocator@_S@std@@@std@@QAE@XZ 10017500 f i Parser.obj
 0001:00016560       ??_E?$_Ref_count_obj@VKeyValue@valve_parser@@@std@@UAEPAXI@Z 10017560 f i Parser.obj
 0001:00016560       ??_G?$_Ref_count_obj@VKeyValue@valve_parser@@@std@@UAEPAXI@Z 10017560 f i Parser.obj
 0001:00016590       ??_G?$_Ref_count_obj@VObject@valve_parser@@@std@@UAEPAXI@Z 10017590 f i Parser.obj
 0001:00016590       ??_E?$_Ref_count_obj@VObject@valve_parser@@@std@@UAEPAXI@Z 10017590 f i Parser.obj
 0001:000165c0       ??_E_Ref_count_base@std@@UAEPAXI@Z 100175c0 f i Parser.obj
 0001:000165c0       ??_G_Ref_count_base@std@@UAEPAXI@Z 100175c0 f i Parser.obj
 0001:000165f0       ?EndReached@Str@valve_parser@@SAPA_UPA_U_U@Z 100175f0 f i Parser.obj
 0001:00016680       ?GetKeyByName@Object@valve_parser@@QAE?AV?$shared_ptr@VNode@valve_parser@@@std@@PAD@Z 10017680 f   Parser.obj
 0001:000168b0       ?Parse@Node@valve_parser@@UAE_NXZ 100178b0 f   Parser.obj
 0001:000169e0       ?Parse@Object@valve_parser@@UAE_NXZ 100179e0 f   Parser.obj
 0001:00016b90       ?ParseTextExpectedTag@Str@valve_parser@@SAPA_UPA_U_U_N@Z 10017b90 f i Parser.obj
 0001:00016c20       ?ToKeyValue@KeyValue@valve_parser@@UAEPAV12@XZ 10017c20 f i Parser.obj
 0001:00016c20       ?ToObject@Object@valve_parser@@UAEPAV12@XZ 10017c20 f i Parser.obj
 0001:00016c20       ?_Getal@?$_Vector_alloc@U?$_Vec_base_types@V?$_List_unchecked_iterator@V?$_List_val@U?$_List_simple_types@U?$pair@$$CBV?$basic_string@DU?$char_traits@D@std@@V?$allocator@D@2@@std@@V12@@std@@@std@@@std@@@std@@V?$allocator@V?$_List_unchecked_iterator@V?$_List_val@U?$_List_simple_types@U?$pair@$$CBV?$basic_string@DU?$char_traits@D@std@@V?$allocator@D@2@@std@@V12@@std@@@std@@@std@@@std@@@2@@std@@@std@@QAEAAV?$allocator@V?$_List_unchecked_iterator@V?$_List_val@U?$_List_simple_types@U?$pair@$$CBV?$basic_string@DU?$char_traits@D@std@@V?$allocator@D@2@@std@@V12@@std@@@std@@@std@@@std@@@2@XZ 10017c20 f i Configuration.obj
 0001:00016c20       ?_Getal@?$_Vector_alloc@U?$_Vec_base_types@V?$_List_unchecked_iterator@V?$_List_val@U?$_List_simple_types@U?$pair@$$CBV?$basic_string@DU?$char_traits@D@std@@V?$allocator@D@2@@std@@UskinInfo@@@std@@@std@@@std@@@std@@V?$allocator@V?$_List_unchecked_iterator@V?$_List_val@U?$_List_simple_types@U?$pair@$$CBV?$basic_string@DU?$char_traits@D@std@@V?$allocator@D@2@@std@@UskinInfo@@@std@@@std@@@std@@@std@@@2@@std@@@std@@QAEAAV?$allocator@V?$_List_unchecked_iterator@V?$_List_val@U?$_List_simple_types@U?$pair@$$CBV?$basic_string@DU?$char_traits@D@std@@V?$allocator@D@2@@std@@UskinInfo@@@std@@@std@@@std@@@std@@@2@XZ 10017c20 f i Configuration.obj
 0001:00016c20       ?_Getal@?$_Vector_alloc@U?$_Vec_base_types@V?$_List_unchecked_iterator@V?$_List_val@U?$_List_simple_types@U?$pair@$$CBV?$basic_string@DU?$char_traits@D@std@@V?$allocator@D@2@@std@@V?$set@V?$basic_string@DU?$char_traits@D@std@@V?$allocator@D@2@@std@@U?$less@V?$basic_string@DU?$char_traits@D@std@@V?$allocator@D@2@@std@@@2@V?$allocator@V?$basic_string@DU?$char_traits@D@std@@V?$allocator@D@2@@std@@@2@@2@@std@@@std@@@std@@@std@@V?$allocator@V?$_List_unchecked_iterator@V?$_List_val@U?$_List_simple_types@U?$pair@$$CBV?$basic_string@DU?$char_traits@D@std@@V?$allocator@D@2@@std@@V?$set@V?$basic_string@DU?$char_traits@D@std@@V?$allocator@D@2@@std@@U?$less@V?$basic_string@DU?$char_traits@D@std@@V?$allocator@D@2@@std@@@2@V?$allocator@V?$basic_string@DU?$char_traits@D@std@@V?$allocator@D@2@@std@@@2@@2@@std@@@std@@@std@@@std@@@2@@std@@@std@@QAEAAV?$allocator@V?$_List_unchecked_iterator@V?$_List_val@U?$_List_simple_types@U?$pair@$$CBV?$basic_string@DU?$char_traits@D@std@@V?$allocator@D@2@@std@@V?$set@V?$basic_string@DU?$char_traits@D@std@@V?$allocator@D@2@@std@@U?$less@V?$basic_string@DU?$char_traits@D@std@@V?$allocator@D@2@@std@@@2@V?$allocator@V?$basic_string@DU?$char_traits@D@std@@V?$allocator@D@2@@std@@@2@@2@@std@@@std@@@std@@@std@@@2@XZ 10017c20 f i Configuration.obj
 0001:00016c20       ?_Getal@?$_Vector_alloc@U?$_Vec_base_types@V?$_List_unchecked_iterator@V?$_List_val@U?$_List_simple_types@U?$pair@QADPAD@std@@@std@@@std@@@std@@V?$allocator@V?$_List_unchecked_iterator@V?$_List_val@U?$_List_simple_types@U?$pair@QADPAD@std@@@std@@@std@@@std@@@2@@std@@@std@@QAEAAV?$allocator@V?$_List_unchecked_iterator@V?$_List_val@U?$_List_simple_types@U?$pair@QADPAD@std@@@std@@@std@@@std@@@2@XZ 10017c20 f i Hooks.obj
 0001:00016c30       ?GetTraceType@CTraceFilter@@UBE?AW4TraceType_t@@XZ 10017c30 f i Autowall.obj
 0001:00016c30       ?ToObject@Node@valve_parser@@UAEPAVObject@2@XZ 10017c30 f i Parser.obj
 0001:00016c30       ?sync@?$basic_streambuf@DU?$char_traits@D@std@@@std@@MAEHXZ 10017c30 f i Utilities.obj
 0001:00016c30       ?ToKeyValue@Node@valve_parser@@UAEPAVKeyValue@2@XZ 10017c30 f i Parser.obj
 0001:00016c30       ?GetTraceType@CTraceFilterWorldAndPropsOnly@@UBE?AW4TraceType_t@@XZ 10017c30 f i GrenadePrediction.obj
 0001:00016c40       ?_Become_small@?$basic_string@DU?$char_traits@D@std@@V?$allocator@D@2@@std@@QAEXXZ 10017c40 f i Parser.obj
 0001:00016c90       ?_Change_array@?$vector@_SV?$allocator@_S@std@@@std@@AAEXQA_SII@Z 10017c90 f i Parser.obj
 0001:00016cf0       ?_Delete_this@?$_Ref_count_obj@VKeyValue@valve_parser@@@std@@EAEXXZ 10017cf0 f i Parser.obj
 0001:00016cf0       ?_Delete_this@?$_Ref_count_obj@VNode@valve_parser@@@std@@EAEXXZ 10017cf0 f i Hooks.obj
 0001:00016cf0       ?_Delete_this@?$_Ref_count_obj@VObject@valve_parser@@@std@@EAEXXZ 10017cf0 f i Parser.obj
 0001:00016d00       ?_Destroy@?$_Ref_count_obj@VObject@valve_parser@@@std@@EAEXXZ 10017d00 f i Parser.obj
 0001:00016d00       ?_Destroy@?$_Ref_count_obj@VNode@valve_parser@@@std@@EAEXXZ 10017d00 f i Hooks.obj
 0001:00016d00       ?_Destroy@?$_Ref_count_obj@VKeyValue@valve_parser@@@std@@EAEXXZ 10017d00 f i Parser.obj
 0001:00016d60       ?_Destroy@?$vector@V?$shared_ptr@VNode@valve_parser@@@std@@V?$allocator@V?$shared_ptr@VNode@valve_parser@@@std@@@2@@std@@AAEXPAV?$shared_ptr@VNode@valve_parser@@@2@0@Z 10017d60 f i Parser.obj
 0001:00016db0       ?_Get_deleter@_Ref_count_base@std@@UBEPAXABVtype_info@@@Z 10017db0 f i Parser.obj
 0001:00016dc0       ?_Reallocate_exactly@?$vector@_SV?$allocator@_S@std@@@std@@AAEXI@Z 10017dc0 f i Parser.obj
 0001:00016e90       ?_Xlen@?$basic_string@DU?$char_traits@D@std@@V?$allocator@D@2@@std@@SAXXZ 10017e90 f i Parser.obj
 0001:00016ea0       ?_Xlength@?$vector@PAV?$ConfigValue@M@@V?$allocator@PAV?$ConfigValue@M@@@std@@@std@@CAXXZ 10017ea0 f i Configuration.obj
 0001:00016ea0       ?_Xlength@?$vector@PAURecvTable@@V?$allocator@PAURecvTable@@@std@@@std@@CAXXZ 10017ea0 f i NetVarManager.obj
 0001:00016ea0       ?_Xlength@?$vector@PAV?$ConfigValue@_N@@V?$allocator@PAV?$ConfigValue@_N@@@std@@@std@@CAXXZ 10017ea0 f i Configuration.obj
 0001:00016ea0       ?_Xlength@?$vector@V?$_List_unchecked_iterator@V?$_List_val@U?$_List_simple_types@U?$pair@$$CBV?$basic_string@DU?$char_traits@D@std@@V?$allocator@D@2@@std@@V12@@std@@@std@@@std@@@std@@V?$allocator@V?$_List_unchecked_iterator@V?$_List_val@U?$_List_simple_types@U?$pair@$$CBV?$basic_string@DU?$char_traits@D@std@@V?$allocator@D@2@@std@@V12@@std@@@std@@@std@@@std@@@2@@std@@CAXXZ 10017ea0 f i Configuration.obj
 0001:00016ea0       ?_Xlength@?$vector@V?$_List_unchecked_iterator@V?$_List_val@U?$_List_simple_types@U?$pair@QADPAD@std@@@std@@@std@@@std@@V?$allocator@V?$_List_unchecked_iterator@V?$_List_val@U?$_List_simple_types@U?$pair@QADPAD@std@@@std@@@std@@@std@@@2@@std@@CAXXZ 10017ea0 f i Hooks.obj
 0001:00016ea0       ?_Xlength@?$vector@_SV?$allocator@_S@std@@@std@@CAXXZ 10017ea0 f i Parser.obj
 0001:00016ea0       ?_Xlength@?$vector@V?$_List_unchecked_iterator@V?$_List_val@U?$_List_simple_types@U?$pair@$$CBV?$basic_string@DU?$char_traits@D@std@@V?$allocator@D@2@@std@@V?$set@V?$basic_string@DU?$char_traits@D@std@@V?$allocator@D@2@@std@@U?$less@V?$basic_string@DU?$char_traits@D@std@@V?$allocator@D@2@@std@@@2@V?$allocator@V?$basic_string@DU?$char_traits@D@std@@V?$allocator@D@2@@std@@@2@@2@@std@@@std@@@std@@@std@@V?$allocator@V?$_List_unchecked_iterator@V?$_List_val@U?$_List_simple_types@U?$pair@$$CBV?$basic_string@DU?$char_traits@D@std@@V?$allocator@D@2@@std@@V?$set@V?$basic_string@DU?$char_traits@D@std@@V?$allocator@D@2@@std@@U?$less@V?$basic_string@DU?$char_traits@D@std@@V?$allocator@D@2@@std@@@2@V?$allocator@V?$basic_string@DU?$char_traits@D@std@@V?$allocator@D@2@@std@@@2@@2@@std@@@std@@@std@@@std@@@2@@std@@CAXXZ 10017ea0 f i Configuration.obj
 0001:00016ea0       ?_Xlength@?$vector@V?$basic_string@DU?$char_traits@D@std@@V?$allocator@D@2@@std@@V?$allocator@V?$basic_string@DU?$char_traits@D@std@@V?$allocator@D@2@@std@@@2@@std@@CAXXZ 10017ea0 f i Hooks.obj
 0001:00016ea0       ?_Xlength@?$vector@VVector@@V?$allocator@VVector@@@std@@@std@@CAXXZ 10017ea0 f i GrenadePrediction.obj
 0001:00016ea0       ?_Xlength@?$vector@V?$shared_ptr@VNode@valve_parser@@@std@@V?$allocator@V?$shared_ptr@VNode@valve_parser@@@std@@@2@@std@@CAXXZ 10017ea0 f i Parser.obj
 0001:00016ea0       ?_Xlength@?$vector@HV?$allocator@H@std@@@std@@CAXXZ 10017ea0 f i LegitBot.obj
 0001:00016ea0       ?_Xlength@?$vector@PAV?$ConfigValue@H@@V?$allocator@PAV?$ConfigValue@H@@@std@@@std@@CAXXZ 10017ea0 f i Configuration.obj
 0001:00016ea0       ?_Xlength@?$vector@V?$_List_unchecked_iterator@V?$_List_val@U?$_List_simple_types@U?$pair@$$CBV?$basic_string@DU?$char_traits@D@std@@V?$allocator@D@2@@std@@UskinInfo@@@std@@@std@@@std@@@std@@V?$allocator@V?$_List_unchecked_iterator@V?$_List_val@U?$_List_simple_types@U?$pair@$$CBV?$basic_string@DU?$char_traits@D@std@@V?$allocator@D@2@@std@@UskinInfo@@@std@@@std@@@std@@@std@@@2@@std@@CAXXZ 10017ea0 f i Configuration.obj
 0001:00016eb0       ?assign@?$basic_string@DU?$char_traits@D@std@@V?$allocator@D@2@@std@@QAEAAV12@QBDI@Z 10017eb0 f i Parser.obj
 0001:00016fe0       ?deallocate@?$allocator@V?$shared_ptr@VNode@valve_parser@@@std@@@std@@QAEXQAV?$shared_ptr@VNode@valve_parser@@@2@I@Z 10017fe0 f i Parser.obj
 0001:00017020       ?identify@Document@valve_parser@@AAE_NAAV?$shared_ptr@VNode@valve_parser@@@std@@@Z 10018020 f i Parser.obj
 0001:000172a0       ?reserve@?$basic_string@DU?$char_traits@D@std@@V?$allocator@D@2@@std@@QAEXI@Z 100182a0 f i Parser.obj
 0001:00017400       ?toString@Str@valve_parser@@QAE?AV?$basic_string@DU?$char_traits@D@std@@V?$allocator@D@2@@std@@XZ 10018400 f i Parser.obj
 0001:000175c0       ??$_Buynode@ABU?$pair@$$CBW4ItemDefinitionIndexx@@UDefItem_t@@@std@@@?$_Tree_comp_alloc@V?$_Tmap_traits@W4ItemDefinitionIndexx@@UDefItem_t@@U?$less@W4ItemDefinitionIndexx@@@std@@V?$allocator@U?$pair@$$CBW4ItemDefinitionIndexx@@UDefItem_t@@@std@@@4@$0A@@std@@@std@@QAEPAU?$_Tree_node@U?$pair@$$CBW4ItemDefinitionIndexx@@UDefItem_t@@@std@@PAX@1@ABU?$pair@$$CBW4ItemDefinitionIndexx@@UDefItem_t@@@1@@Z 100185c0 f i recvproxy.obj
 0001:000175f0       ??$_Insert_at@AAU?$pair@$$CBW4ItemDefinitionIndexx@@UDefItem_t@@@std@@PAU?$_Tree_node@U?$pair@$$CBW4ItemDefinitionIndexx@@UDefItem_t@@@std@@PAX@2@@?$_Tree@V?$_Tmap_traits@W4ItemDefinitionIndexx@@UDefItem_t@@U?$less@W4ItemDefinitionIndexx@@@std@@V?$allocator@U?$pair@$$CBW4ItemDefinitionIndexx@@UDefItem_t@@@std@@@4@$0A@@std@@@std@@IAE?AV?$_Tree_iterator@V?$_Tree_val@U?$_Tree_simple_types@U?$pair@$$CBW4ItemDefinitionIndexx@@UDefItem_t@@@std@@@std@@@std@@@1@_NPAU?$_Tree_node@U?$pair@$$CBW4ItemDefinitionIndexx@@UDefItem_t@@@std@@PAX@1@AAU?$pair@$$CBW4ItemDefinitionIndexx@@UDefItem_t@@@1@1@Z 100185f0 f i recvproxy.obj
 0001:00017750       ??$_Insert_hint@AAU?$pair@$$CBW4ItemDefinitionIndexx@@UDefItem_t@@@std@@PAU?$_Tree_node@U?$pair@$$CBW4ItemDefinitionIndexx@@UDefItem_t@@@std@@PAX@2@@?$_Tree@V?$_Tmap_traits@W4ItemDefinitionIndexx@@UDefItem_t@@U?$less@W4ItemDefinitionIndexx@@@std@@V?$allocator@U?$pair@$$CBW4ItemDefinitionIndexx@@UDefItem_t@@@std@@@4@$0A@@std@@@std@@IAE?AV?$_Tree_iterator@V?$_Tree_val@U?$_Tree_simple_types@U?$pair@$$CBW4ItemDefinitionIndexx@@UDefItem_t@@@std@@@std@@@std@@@1@V?$_Tree_const_iterator@V?$_Tree_val@U?$_Tree_simple_types@U?$pair@$$CBW4ItemDefinitionIndexx@@UDefItem_t@@@std@@@std@@@std@@@1@AAU?$pair@$$CBW4ItemDefinitionIndexx@@UDefItem_t@@@1@PAU?$_Tree_node@U?$pair@$$CBW4ItemDefinitionIndexx@@UDefItem_t@@@std@@PAX@1@@Z 10018750 f i recvproxy.obj
 0001:000179f0       ??$_Insert_nohint@AAU?$pair@$$CBW4ItemDefinitionIndexx@@UDefItem_t@@@std@@PAU?$_Tree_node@U?$pair@$$CBW4ItemDefinitionIndexx@@UDefItem_t@@@std@@PAX@2@@?$_Tree@V?$_Tmap_traits@W4ItemDefinitionIndexx@@UDefItem_t@@U?$less@W4ItemDefinitionIndexx@@@std@@V?$allocator@U?$pair@$$CBW4ItemDefinitionIndexx@@UDefItem_t@@@std@@@4@$0A@@std@@@std@@IAE?AU?$pair@V?$_Tree_iterator@V?$_Tree_val@U?$_Tree_simple_types@U?$pair@$$CBW4ItemDefinitionIndexx@@UDefItem_t@@@std@@@std@@@std@@@std@@_N@1@_NAAU?$pair@$$CBW4ItemDefinitionIndexx@@UDefItem_t@@@1@PAU?$_Tree_node@U?$pair@$$CBW4ItemDefinitionIndexx@@UDefItem_t@@@std@@PAX@1@@Z 100189f0 f i recvproxy.obj
 0001:00017b60       ??1?$_Tree@V?$_Tmap_traits@W4ItemDefinitionIndexx@@UDefItem_t@@U?$less@W4ItemDefinitionIndexx@@@std@@V?$allocator@U?$pair@$$CBW4ItemDefinitionIndexx@@UDefItem_t@@@std@@@4@$0A@@std@@@std@@QAE@XZ 10018b60 f i recvproxy.obj
 0001:00017c00       ?Hooked_RecvProxy_Viewmodel@@YAXPAVCRecvProxyData@@PAX1@Z 10018c00 f   recvproxy.obj
 0001:00017e40       ?NetvarHook@@YAXXZ         10018e40 f   recvproxy.obj
 0001:00018070       ?NoSmoke@@YAXPBVCRecvProxyData@@PAX1@Z 10019070 f   recvproxy.obj
 0001:00018090       ?SetViewModelSequence2@@YAXPBVCRecvProxyData@@PAX1@Z 10019090 f   recvproxy.obj
 0001:00018460       ?UnloadProxy@@YAXXZ        10019460 f   recvproxy.obj
 0001:00018670       ?_Buyheadnode@?$_Tree_comp_alloc@V?$_Tmap_traits@W4ItemDefinitionIndexx@@UDefItem_t@@U?$less@W4ItemDefinitionIndexx@@@std@@V?$allocator@U?$pair@$$CBW4ItemDefinitionIndexx@@UDefItem_t@@@std@@@4@$0A@@std@@@std@@QAEPAU?$_Tree_node@U?$pair@$$CBW4ItemDefinitionIndexx@@UDefItem_t@@@std@@PAX@2@XZ 10019670 f i recvproxy.obj
 0001:00018690       ?_Buynode0@?$_Tree_comp_alloc@V?$_Tmap_traits@W4ItemDefinitionIndexx@@UDefItem_t@@U?$less@W4ItemDefinitionIndexx@@@std@@V?$allocator@U?$pair@$$CBW4ItemDefinitionIndexx@@UDefItem_t@@@std@@@4@$0A@@std@@@std@@QAEPAU?$_Tree_node@U?$pair@$$CBW4ItemDefinitionIndexx@@UDefItem_t@@@std@@PAX@2@XZ 10019690 f i recvproxy.obj
 0001:000186b0       ?_Destroy_if_node@?$_Tree@V?$_Tmap_traits@W4ItemDefinitionIndexx@@UDefItem_t@@U?$less@W4ItemDefinitionIndexx@@@std@@V?$allocator@U?$pair@$$CBW4ItemDefinitionIndexx@@UDefItem_t@@@std@@@4@$0A@@std@@@std@@IAEXPAU?$_Tree_node@U?$pair@$$CBW4ItemDefinitionIndexx@@UDefItem_t@@@std@@PAX@2@@Z 100196b0 f i recvproxy.obj
 0001:000186d0       ?_Erase@?$_Tree@V?$_Tmap_traits@W4ItemDefinitionIndexx@@UDefItem_t@@U?$less@W4ItemDefinitionIndexx@@@std@@V?$allocator@U?$pair@$$CBW4ItemDefinitionIndexx@@UDefItem_t@@@std@@@4@$0A@@std@@@std@@IAEXPAU?$_Tree_node@U?$pair@$$CBW4ItemDefinitionIndexx@@UDefItem_t@@@std@@PAX@2@@Z 100196d0 f i recvproxy.obj
 0001:00018710       ?_Lrotate@?$_Tree@V?$_Tset_traits@V?$basic_string@DU?$char_traits@D@std@@V?$allocator@D@2@@std@@U?$less@V?$basic_string@DU?$char_traits@D@std@@V?$allocator@D@2@@std@@@2@V?$allocator@V?$basic_string@DU?$char_traits@D@std@@V?$allocator@D@2@@std@@@2@$0A@@std@@@std@@IAEXPAU?$_Tree_node@V?$basic_string@DU?$char_traits@D@std@@V?$allocator@D@2@@std@@PAX@2@@Z 10019710 f i Configuration.obj
 0001:00018710       ?_Lrotate@?$_Tree@V?$_Tmap_traits@W4ItemDefinitionIndexx@@UDefItem_t@@U?$less@W4ItemDefinitionIndexx@@@std@@V?$allocator@U?$pair@$$CBW4ItemDefinitionIndexx@@UDefItem_t@@@std@@@4@$0A@@std@@@std@@IAEXPAU?$_Tree_node@U?$pair@$$CBW4ItemDefinitionIndexx@@UDefItem_t@@@std@@PAX@2@@Z 10019710 f i recvproxy.obj
 0001:00018770       ?_Rrotate@?$_Tree@V?$_Tset_traits@V?$basic_string@DU?$char_traits@D@std@@V?$allocator@D@2@@std@@U?$less@V?$basic_string@DU?$char_traits@D@std@@V?$allocator@D@2@@std@@@2@V?$allocator@V?$basic_string@DU?$char_traits@D@std@@V?$allocator@D@2@@std@@@2@$0A@@std@@@std@@IAEXPAU?$_Tree_node@V?$basic_string@DU?$char_traits@D@std@@V?$allocator@D@2@@std@@PAX@2@@Z 10019770 f i Configuration.obj
 0001:00018770       ?_Rrotate@?$_Tree@V?$_Tmap_traits@W4ItemDefinitionIndexx@@UDefItem_t@@U?$less@W4ItemDefinitionIndexx@@@std@@V?$allocator@U?$pair@$$CBW4ItemDefinitionIndexx@@UDefItem_t@@@std@@@4@$0A@@std@@@std@@IAEXPAU?$_Tree_node@U?$pair@$$CBW4ItemDefinitionIndexx@@UDefItem_t@@@std@@PAX@2@@Z 10019770 f i recvproxy.obj
 0001:000187d0       ?CanHit@@YA_NPAVC_BaseEntity@@ABVVector@@PAM@Z 100197d0 f   Autowall.obj
 0001:00018a10       ?CanWallbang@@YA_NAAH@Z    10019a10 f   Autowall.obj
 0001:00018d80       ?HandleBulletPenetration@@YA_NPAVCSWeaponInfo@@AAUFireBulletData@@@Z 10019d80 f   Autowall.obj
 0001:000190b0       ?ShouldHitEntity@CTraceFilter@@UAE_NPAVC_BaseEntity@@H@Z 1001a0b0 f i Autowall.obj
 0001:000190c0       ?SimulateFireBullet@@YA_NPAVC_BaseEntity@@0PAVCBaseCombatWeapon@@AAUFireBulletData@@@Z 1001a0c0 f   Autowall.obj
 0001:00019430       ?CreateMaterial@@YAPAVIMaterial@@_N00@Z 1001a430 f   Chams.obj
 0001:00019600       ___local_stdio_printf_options 1001a600 f i Chams.obj
 0001:00019610       _sprintf_s                 1001a610 f i Chams.obj
 0001:00019640       ??$?HDU?$char_traits@D@std@@V?$allocator@D@1@@std@@YA?AV?$basic_string@DU?$char_traits@D@std@@V?$allocator@D@2@@0@$$QAV10@0@Z 1001a640 f i Configuration.obj
 0001:00019780       ??$?HDU?$char_traits@D@std@@V?$allocator@D@1@@std@@YA?AV?$basic_string@DU?$char_traits@D@std@@V?$allocator@D@2@@0@$$QAV10@QBD@Z 1001a780 f i Configuration.obj
 0001:00019820       ??$_Fill_unchecked@PAV?$_List_unchecked_iterator@V?$_List_val@U?$_List_simple_types@U?$pair@QADPAD@std@@@std@@@std@@@std@@V12@@std@@YAXPAV?$_List_unchecked_iterator@V?$_List_val@U?$_List_simple_types@U?$pair@QADPAD@std@@@std@@@std@@@0@0ABV10@@Z 1001a820 f i Hooks.obj
 0001:00019820       ??$_Fill_unchecked@PAV?$_List_unchecked_iterator@V?$_List_val@U?$_List_simple_types@U?$pair@$$CBV?$basic_string@DU?$char_traits@D@std@@V?$allocator@D@2@@std@@V12@@std@@@std@@@std@@@std@@V12@@std@@YAXPAV?$_List_unchecked_iterator@V?$_List_val@U?$_List_simple_types@U?$pair@$$CBV?$basic_string@DU?$char_traits@D@std@@V?$allocator@D@2@@std@@V12@@std@@@std@@@std@@@0@0ABV10@@Z 1001a820 f i Configuration.obj
 0001:00019820       ??$_Fill_unchecked@PAV?$_List_unchecked_iterator@V?$_List_val@U?$_List_simple_types@U?$pair@$$CBV?$basic_string@DU?$char_traits@D@std@@V?$allocator@D@2@@std@@UskinInfo@@@std@@@std@@@std@@@std@@V12@@std@@YAXPAV?$_List_unchecked_iterator@V?$_List_val@U?$_List_simple_types@U?$pair@$$CBV?$basic_string@DU?$char_traits@D@std@@V?$allocator@D@2@@std@@UskinInfo@@@std@@@std@@@std@@@0@0ABV10@@Z 1001a820 f i Configuration.obj
 0001:00019820       ??$_Fill_unchecked@PAV?$_List_unchecked_iterator@V?$_List_val@U?$_List_simple_types@U?$pair@$$CBV?$basic_string@DU?$char_traits@D@std@@V?$allocator@D@2@@std@@V?$set@V?$basic_string@DU?$char_traits@D@std@@V?$allocator@D@2@@std@@U?$less@V?$basic_string@DU?$char_traits@D@std@@V?$allocator@D@2@@std@@@2@V?$allocator@V?$basic_string@DU?$char_traits@D@std@@V?$allocator@D@2@@std@@@2@@2@@std@@@std@@@std@@@std@@V12@@std@@YAXPAV?$_List_unchecked_iterator@V?$_List_val@U?$_List_simple_types@U?$pair@$$CBV?$basic_string@DU?$char_traits@D@std@@V?$allocator@D@2@@std@@V?$set@V?$basic_string@DU?$char_traits@D@std@@V?$allocator@D@2@@std@@U?$less@V?$basic_string@DU?$char_traits@D@std@@V?$allocator@D@2@@std@@@2@V?$allocator@V?$basic_string@DU?$char_traits@D@std@@V?$allocator@D@2@@std@@@2@@2@@std@@@std@@@std@@@0@0ABV10@@Z 1001a820 f i Configuration.obj
 0001:00019cb0       ??$_UIntegral_to_buff@DI@std@@YAPADPADI@Z 1001acb0 f i Configuration.obj
 0001:00019cf0       ??$_Uninit_alloc_fill_n1@PAV?$_List_unchecked_iterator@V?$_List_val@U?$_List_simple_types@U?$pair@$$CBV?$basic_string@DU?$char_traits@D@std@@V?$allocator@D@2@@std@@UskinInfo@@@std@@@std@@@std@@@std@@IV?$allocator@V?$_List_unchecked_iterator@V?$_List_val@U?$_List_simple_types@U?$pair@$$CBV?$basic_string@DU?$char_traits@D@std@@V?$allocator@D@2@@std@@UskinInfo@@@std@@@std@@@std@@@std@@@2@@std@@YAPAV?$_List_unchecked_iterator@V?$_List_val@U?$_List_simple_types@U?$pair@$$CBV?$basic_string@DU?$char_traits@D@std@@V?$allocator@D@2@@std@@UskinInfo@@@std@@@std@@@std@@@0@PAV10@IABV10@AAV?$allocator@V?$_List_unchecked_iterator@V?$_List_val@U?$_List_simple_types@U?$pair@$$CBV?$basic_string@DU?$char_traits@D@std@@V?$allocator@D@2@@std@@UskinInfo@@@std@@@std@@@std@@@std@@@0@U?$integral_constant@_N$0A@@0@@Z 1001acf0 f i Configuration.obj
 0001:00019cf0       ??$_Uninit_alloc_fill_n1@PAV?$_List_unchecked_iterator@V?$_List_val@U?$_List_simple_types@U?$pair@$$CBV?$basic_string@DU?$char_traits@D@std@@V?$allocator@D@2@@std@@V?$set@V?$basic_string@DU?$char_traits@D@std@@V?$allocator@D@2@@std@@U?$less@V?$basic_string@DU?$char_traits@D@std@@V?$allocator@D@2@@std@@@2@V?$allocator@V?$basic_string@DU?$char_traits@D@std@@V?$allocator@D@2@@std@@@2@@2@@std@@@std@@@std@@@std@@IV?$allocator@V?$_List_unchecked_iterator@V?$_List_val@U?$_List_simple_types@U?$pair@$$CBV?$basic_string@DU?$char_traits@D@std@@V?$allocator@D@2@@std@@V?$set@V?$basic_string@DU?$char_traits@D@std@@V?$allocator@D@2@@std@@U?$less@V?$basic_string@DU?$char_traits@D@std@@V?$allocator@D@2@@std@@@2@V?$allocator@V?$basic_string@DU?$char_traits@D@std@@V?$allocator@D@2@@std@@@2@@2@@std@@@std@@@std@@@std@@@2@@std@@YAPAV?$_List_unchecked_iterator@V?$_List_val@U?$_List_simple_types@U?$pair@$$CBV?$basic_string@DU?$char_traits@D@std@@V?$allocator@D@2@@std@@V?$set@V?$basic_string@DU?$char_traits@D@std@@V?$allocator@D@2@@std@@U?$less@V?$basic_string@DU?$char_traits@D@std@@V?$allocator@D@2@@std@@@2@V?$allocator@V?$basic_string@DU?$char_traits@D@std@@V?$allocator@D@2@@std@@@2@@2@@std@@@std@@@std@@@0@PAV10@IABV10@AAV?$allocator@V?$_List_unchecked_iterator@V?$_List_val@U?$_List_simple_types@U?$pair@$$CBV?$basic_string@DU?$char_traits@D@std@@V?$allocator@D@2@@std@@V?$set@V?$basic_string@DU?$char_traits@D@std@@V?$allocator@D@2@@std@@U?$less@V?$basic_string@DU?$char_traits@D@std@@V?$allocator@D@2@@std@@@2@V?$allocator@V?$basic_string@DU?$char_traits@D@std@@V?$allocator@D@2@@std@@@2@@2@@std@@@std@@@std@@@std@@@0@U?$integral_constant@_N$0A@@0@@Z 1001acf0 f i Configuration.obj
 0001:00019cf0       ??$_Uninit_alloc_fill_n1@PAV?$_List_unchecked_iterator@V?$_List_val@U?$_List_simple_types@U?$pair@QADPAD@std@@@std@@@std@@@std@@IV?$allocator@V?$_List_unchecked_iterator@V?$_List_val@U?$_List_simple_types@U?$pair@QADPAD@std@@@std@@@std@@@std@@@2@@std@@YAPAV?$_List_unchecked_iterator@V?$_List_val@U?$_List_simple_types@U?$pair@QADPAD@std@@@std@@@std@@@0@PAV10@IABV10@AAV?$allocator@V?$_List_unchecked_iterator@V?$_List_val@U?$_List_simple_types@U?$pair@QADPAD@std@@@std@@@std@@@std@@@0@U?$integral_constant@_N$0A@@0@@Z 1001acf0 f i Hooks.obj
 0001:00019cf0       ??$_Uninit_alloc_fill_n1@PAV?$_List_unchecked_iterator@V?$_List_val@U?$_List_simple_types@U?$pair@$$CBV?$basic_string@DU?$char_traits@D@std@@V?$allocator@D@2@@std@@V12@@std@@@std@@@std@@@std@@IV?$allocator@V?$_List_unchecked_iterator@V?$_List_val@U?$_List_simple_types@U?$pair@$$CBV?$basic_string@DU?$char_traits@D@std@@V?$allocator@D@2@@std@@V12@@std@@@std@@@std@@@std@@@2@@std@@YAPAV?$_List_unchecked_iterator@V?$_List_val@U?$_List_simple_types@U?$pair@$$CBV?$basic_string@DU?$char_traits@D@std@@V?$allocator@D@2@@std@@V12@@std@@@std@@@std@@@0@PAV10@IABV10@AAV?$allocator@V?$_List_unchecked_iterator@V?$_List_val@U?$_List_simple_types@U?$pair@$$CBV?$basic_string@DU?$char_traits@D@std@@V?$allocator@D@2@@std@@V12@@std@@@std@@@std@@@std@@@0@U?$integral_constant@_N$0A@@0@@Z 1001acf0 f i Configuration.obj
 0001:00019d10       ??$_Uninitialized_move_al_unchecked@PAV?$_List_unchecked_iterator@V?$_List_val@U?$_List_simple_types@U?$pair@$$CBV?$basic_string@DU?$char_traits@D@std@@V?$allocator@D@2@@std@@V12@@std@@@std@@@std@@@std@@PAV12@V?$allocator@V?$_List_unchecked_iterator@V?$_List_val@U?$_List_simple_types@U?$pair@$$CBV?$basic_string@DU?$char_traits@D@std@@V?$allocator@D@2@@std@@V12@@std@@@std@@@std@@@std@@@2@@std@@YAPAV?$_List_unchecked_iterator@V?$_List_val@U?$_List_simple_types@U?$pair@$$CBV?$basic_string@DU?$char_traits@D@std@@V?$allocator@D@2@@std@@V12@@std@@@std@@@std@@@0@PAV10@00AAV?$allocator@V?$_List_unchecked_iterator@V?$_List_val@U?$_List_simple_types@U?$pair@$$CBV?$basic_string@DU?$char_traits@D@std@@V?$allocator@D@2@@std@@V12@@std@@@std@@@std@@@std@@@0@U_General_ptr_iterator_tag@0@U_Unused_parameter@0@@Z 1001ad10 f i Configuration.obj
 0001:00019d10       ??$_Uninitialized_move_al_unchecked@PAV?$_List_unchecked_iterator@V?$_List_val@U?$_List_simple_types@U?$pair@$$CBV?$basic_string@DU?$char_traits@D@std@@V?$allocator@D@2@@std@@UskinInfo@@@std@@@std@@@std@@@std@@PAV12@V?$allocator@V?$_List_unchecked_iterator@V?$_List_val@U?$_List_simple_types@U?$pair@$$CBV?$basic_string@DU?$char_traits@D@std@@V?$allocator@D@2@@std@@UskinInfo@@@std@@@std@@@std@@@std@@@2@@std@@YAPAV?$_List_unchecked_iterator@V?$_List_val@U?$_List_simple_types@U?$pair@$$CBV?$basic_string@DU?$char_traits@D@std@@V?$allocator@D@2@@std@@UskinInfo@@@std@@@std@@@std@@@0@PAV10@00AAV?$allocator@V?$_List_unchecked_iterator@V?$_List_val@U?$_List_simple_types@U?$pair@$$CBV?$basic_string@DU?$char_traits@D@std@@V?$allocator@D@2@@std@@UskinInfo@@@std@@@std@@@std@@@std@@@0@U_General_ptr_iterator_tag@0@U_Unused_parameter@0@@Z 1001ad10 f i Configuration.obj
 0001:00019d10       ??$_Uninitialized_move_al_unchecked@PAV?$_List_unchecked_iterator@V?$_List_val@U?$_List_simple_types@U?$pair@QADPAD@std@@@std@@@std@@@std@@PAV12@V?$allocator@V?$_List_unchecked_iterator@V?$_List_val@U?$_List_simple_types@U?$pair@QADPAD@std@@@std@@@std@@@std@@@2@@std@@YAPAV?$_List_unchecked_iterator@V?$_List_val@U?$_List_simple_types@U?$pair@QADPAD@std@@@std@@@std@@@0@PAV10@00AAV?$allocator@V?$_List_unchecked_iterator@V?$_List_val@U?$_List_simple_types@U?$pair@QADPAD@std@@@std@@@std@@@std@@@0@U_General_ptr_iterator_tag@0@U_Unused_parameter@0@@Z 1001ad10 f i Hooks.obj
 0001:00019d10       ??$_Uninitialized_move_al_unchecked@PAV?$_List_unchecked_iterator@V?$_List_val@U?$_List_simple_types@U?$pair@$$CBV?$basic_string@DU?$char_traits@D@std@@V?$allocator@D@2@@std@@V?$set@V?$basic_string@DU?$char_traits@D@std@@V?$allocator@D@2@@std@@U?$less@V?$basic_string@DU?$char_traits@D@std@@V?$allocator@D@2@@std@@@2@V?$allocator@V?$basic_string@DU?$char_traits@D@std@@V?$allocator@D@2@@std@@@2@@2@@std@@@std@@@std@@@std@@PAV12@V?$allocator@V?$_List_unchecked_iterator@V?$_List_val@U?$_List_simple_types@U?$pair@$$CBV?$basic_string@DU?$char_traits@D@std@@V?$allocator@D@2@@std@@V?$set@V?$basic_string@DU?$char_traits@D@std@@V?$allocator@D@2@@std@@U?$less@V?$basic_string@DU?$char_traits@D@std@@V?$allocator@D@2@@std@@@2@V?$allocator@V?$basic_string@DU?$char_traits@D@std@@V?$allocator@D@2@@std@@@2@@2@@std@@@std@@@std@@@std@@@2@@std@@YAPAV?$_List_unchecked_iterator@V?$_List_val@U?$_List_simple_types@U?$pair@$$CBV?$basic_string@DU?$char_traits@D@std@@V?$allocator@D@2@@std@@V?$set@V?$basic_string@DU?$char_traits@D@std@@V?$allocator@D@2@@std@@U?$less@V?$basic_string@DU?$char_traits@D@std@@V?$allocator@D@2@@std@@@2@V?$allocator@V?$basic_string@DU?$char_traits@D@std@@V?$allocator@D@2@@std@@@2@@2@@std@@@std@@@std@@@0@PAV10@00AAV?$allocator@V?$_List_unchecked_iterator@V?$_List_val@U?$_List_simple_types@U?$pair@$$CBV?$basic_string@DU?$char_traits@D@std@@V?$allocator@D@2@@std@@V?$set@V?$basic_string@DU?$char_traits@D@std@@V?$allocator@D@2@@std@@U?$less@V?$basic_string@DU?$char_traits@D@std@@V?$allocator@D@2@@std@@@2@V?$allocator@V?$basic_string@DU?$char_traits@D@std@@V?$allocator@D@2@@std@@@2@@2@@std@@@std@@@std@@@std@@@0@U_General_ptr_iterator_tag@0@U_Unused_parameter@0@@Z 1001ad10 f i Configuration.obj
 0001:00019d50       ??$emplace_back@PAV?$ConfigValue@_N@@@?$vector@PAV?$ConfigValue@_N@@V?$allocator@PAV?$ConfigValue@_N@@@std@@@std@@QAEX$$QAPAV?$ConfigValue@_N@@@Z 1001ad50 f i Configuration.obj
 0001:00019d50       ??$emplace_back@ABQAURecvTable@@@?$vector@PAURecvTable@@V?$allocator@PAURecvTable@@@std@@@std@@QAEXABQAURecvTable@@@Z 1001ad50 f i NetVarManager.obj
 0001:00019d50       ??$emplace_back@PAV?$ConfigValue@H@@@?$vector@PAV?$ConfigValue@H@@V?$allocator@PAV?$ConfigValue@H@@@std@@@std@@QAEX$$QAPAV?$ConfigValue@H@@@Z 1001ad50 f i Configuration.obj
 0001:00019d50       ??$emplace_back@PAV?$ConfigValue@M@@@?$vector@PAV?$ConfigValue@M@@V?$allocator@PAV?$ConfigValue@M@@@std@@@std@@QAEX$$QAPAV?$ConfigValue@M@@@Z 1001ad50 f i Configuration.obj
 0001:00019d50       ??$emplace_back@H@?$vector@HV?$allocator@H@std@@@std@@QAEX$$QAH@Z 1001ad50 f i RageBot.obj
 0001:00019e80       ??0<unnamed-type-Skinchanger>@Variables@@QAE@XZ 1001ae80 f i Configuration.obj
 0001:0001a0d0       ??0?$basic_string@DU?$char_traits@D@std@@V?$allocator@D@2@@std@@QAE@ABV01@@Z 1001b0d0 f i Configuration.obj
 0001:0001a190       ??0?$basic_string@DU?$char_traits@D@std@@V?$allocator@D@2@@std@@QAE@ID@Z 1001b190 f i Configuration.obj
 0001:0001a2d0       ??0?$basic_string@DU?$char_traits@D@std@@V?$allocator@D@2@@std@@QAE@QBD@Z 1001b2d0 f i Configuration.obj
 0001:0001a310       ??0Variables@@QAE@XZ       1001b310 f i Configuration.obj
 0001:0001a7c0       ??1<unnamed-type-Skinchanger>@Variables@@QAE@XZ 1001b7c0 f i Configuration.obj
 0001:0001a8c0       ??1?$_Hash@V?$_Umap_traits@V?$basic_string@DU?$char_traits@D@std@@V?$allocator@D@2@@std@@UskinInfo@@V?$_Uhash_compare@V?$basic_string@DU?$char_traits@D@std@@V?$allocator@D@2@@std@@U?$hash@V?$basic_string@DU?$char_traits@D@std@@V?$allocator@D@2@@std@@@2@U?$equal_to@V?$basic_string@DU?$char_traits@D@std@@V?$allocator@D@2@@std@@@2@@2@V?$allocator@U?$pair@$$CBV?$basic_string@DU?$char_traits@D@std@@V?$allocator@D@2@@std@@UskinInfo@@@std@@@2@$0A@@std@@@std@@QAE@XZ 1001b8c0 f i Configuration.obj
 0001:0001a920       ??1?$_Hash@V?$_Umap_traits@V?$basic_string@DU?$char_traits@D@std@@V?$allocator@D@2@@std@@V12@V?$_Uhash_compare@V?$basic_string@DU?$char_traits@D@std@@V?$allocator@D@2@@std@@U?$hash@V?$basic_string@DU?$char_traits@D@std@@V?$allocator@D@2@@std@@@2@U?$equal_to@V?$basic_string@DU?$char_traits@D@std@@V?$allocator@D@2@@std@@@2@@2@V?$allocator@U?$pair@$$CBV?$basic_string@DU?$char_traits@D@std@@V?$allocator@D@2@@std@@V12@@std@@@2@$0A@@std@@@std@@QAE@XZ 1001b920 f i Configuration.obj
 0001:0001a980       ??1?$_Hash@V?$_Umap_traits@V?$basic_string@DU?$char_traits@D@std@@V?$allocator@D@2@@std@@V?$set@V?$basic_string@DU?$char_traits@D@std@@V?$allocator@D@2@@std@@U?$less@V?$basic_string@DU?$char_traits@D@std@@V?$allocator@D@2@@std@@@2@V?$allocator@V?$basic_string@DU?$char_traits@D@std@@V?$allocator@D@2@@std@@@2@@2@V?$_Uhash_compare@V?$basic_string@DU?$char_traits@D@std@@V?$allocator@D@2@@std@@U?$hash@V?$basic_string@DU?$char_traits@D@std@@V?$allocator@D@2@@std@@@2@U?$equal_to@V?$basic_string@DU?$char_traits@D@std@@V?$allocator@D@2@@std@@@2@@2@V?$allocator@U?$pair@$$CBV?$basic_string@DU?$char_traits@D@std@@V?$allocator@D@2@@std@@V?$set@V?$basic_string@DU?$char_traits@D@std@@V?$allocator@D@2@@std@@U?$less@V?$basic_string@DU?$char_traits@D@std@@V?$allocator@D@2@@std@@@2@V?$allocator@V?$basic_string@DU?$char_traits@D@std@@V?$allocator@D@2@@std@@@2@@2@@std@@@2@$0A@@std@@@std@@QAE@XZ 1001b980 f i Configuration.obj
 0001:0001a9e0       ??1?$list@U?$pair@$$CBV?$basic_string@DU?$char_traits@D@std@@V?$allocator@D@2@@std@@UskinInfo@@@std@@V?$allocator@U?$pair@$$CBV?$basic_string@DU?$char_traits@D@std@@V?$allocator@D@2@@std@@UskinInfo@@@std@@@2@@std@@QAE@XZ 1001b9e0 f i Configuration.obj
 0001:0001aac0       ??1?$list@U?$pair@$$CBV?$basic_string@DU?$char_traits@D@std@@V?$allocator@D@2@@std@@V12@@std@@V?$allocator@U?$pair@$$CBV?$basic_string@DU?$char_traits@D@std@@V?$allocator@D@2@@std@@V12@@std@@@2@@std@@QAE@XZ 1001bac0 f i Configuration.obj
 0001:0001aba0       ??1?$list@U?$pair@$$CBV?$basic_string@DU?$char_traits@D@std@@V?$allocator@D@2@@std@@V?$set@V?$basic_string@DU?$char_traits@D@std@@V?$allocator@D@2@@std@@U?$less@V?$basic_string@DU?$char_traits@D@std@@V?$allocator@D@2@@std@@@2@V?$allocator@V?$basic_string@DU?$char_traits@D@std@@V?$allocator@D@2@@std@@@2@@2@@std@@V?$allocator@U?$pair@$$CBV?$basic_string@DU?$char_traits@D@std@@V?$allocator@D@2@@std@@V?$set@V?$basic_string@DU?$char_traits@D@std@@V?$allocator@D@2@@std@@U?$less@V?$basic_string@DU?$char_traits@D@std@@V?$allocator@D@2@@std@@@2@V?$allocator@V?$basic_string@DU?$char_traits@D@std@@V?$allocator@D@2@@std@@@2@@2@@std@@@2@@std@@QAE@XZ 1001bba0 f i Configuration.obj
 0001:0001aca0       ??1?$unordered_map@V?$basic_string@DU?$char_traits@D@std@@V?$allocator@D@2@@std@@UskinInfo@@U?$hash@V?$basic_string@DU?$char_traits@D@std@@V?$allocator@D@2@@std@@@2@U?$equal_to@V?$basic_string@DU?$char_traits@D@std@@V?$allocator@D@2@@std@@@2@V?$allocator@U?$pair@$$CBV?$basic_string@DU?$char_traits@D@std@@V?$allocator@D@2@@std@@UskinInfo@@@std@@@2@@std@@QAE@XZ 1001bca0 f i Configuration.obj
 0001:0001acb0       ??1?$unordered_map@V?$basic_string@DU?$char_traits@D@std@@V?$allocator@D@2@@std@@V?$set@V?$basic_string@DU?$char_traits@D@std@@V?$allocator@D@2@@std@@U?$less@V?$basic_string@DU?$char_traits@D@std@@V?$allocator@D@2@@std@@@2@V?$allocator@V?$basic_string@DU?$char_traits@D@std@@V?$allocator@D@2@@std@@@2@@2@U?$hash@V?$basic_string@DU?$char_traits@D@std@@V?$allocator@D@2@@std@@@2@U?$equal_to@V?$basic_string@DU?$char_traits@D@std@@V?$allocator@D@2@@std@@@2@V?$allocator@U?$pair@$$CBV?$basic_string@DU?$char_traits@D@std@@V?$allocator@D@2@@std@@V?$set@V?$basic_string@DU?$char_traits@D@std@@V?$allocator@D@2@@std@@U?$less@V?$basic_string@DU?$char_traits@D@std@@V?$allocator@D@2@@std@@@2@V?$allocator@V?$basic_string@DU?$char_traits@D@std@@V?$allocator@D@2@@std@@@2@@2@@std@@@2@@std@@QAE@XZ 1001bcb0 f i Configuration.obj
 0001:0001acc0       ??1?$vector@PAV?$ConfigValue@_N@@V?$allocator@PAV?$ConfigValue@_N@@@std@@@std@@QAE@XZ 1001bcc0 f i Configuration.obj
 0001:0001acc0       ??1?$vector@PAV?$ConfigValue@M@@V?$allocator@PAV?$ConfigValue@M@@@std@@@std@@QAE@XZ 1001bcc0 f i Configuration.obj
 0001:0001acc0       ??1?$vector@V?$_List_unchecked_iterator@V?$_List_val@U?$_List_simple_types@U?$pair@$$CBV?$basic_string@DU?$char_traits@D@std@@V?$allocator@D@2@@std@@V?$set@V?$basic_string@DU?$char_traits@D@std@@V?$allocator@D@2@@std@@U?$less@V?$basic_string@DU?$char_traits@D@std@@V?$allocator@D@2@@std@@@2@V?$allocator@V?$basic_string@DU?$char_traits@D@std@@V?$allocator@D@2@@std@@@2@@2@@std@@@std@@@std@@@std@@V?$allocator@V?$_List_unchecked_iterator@V?$_List_val@U?$_List_simple_types@U?$pair@$$CBV?$basic_string@DU?$char_traits@D@std@@V?$allocator@D@2@@std@@V?$set@V?$basic_string@DU?$char_traits@D@std@@V?$allocator@D@2@@std@@U?$less@V?$basic_string@DU?$char_traits@D@std@@V?$allocator@D@2@@std@@@2@V?$allocator@V?$basic_string@DU?$char_traits@D@std@@V?$allocator@D@2@@std@@@2@@2@@std@@@std@@@std@@@std@@@2@@std@@QAE@XZ 1001bcc0 f i Configuration.obj
 0001:0001acc0       ??1?$vector@PAV?$ConfigValue@H@@V?$allocator@PAV?$ConfigValue@H@@@std@@@std@@QAE@XZ 1001bcc0 f i Configuration.obj
 0001:0001acc0       ??1?$vector@V?$_List_unchecked_iterator@V?$_List_val@U?$_List_simple_types@U?$pair@QADPAD@std@@@std@@@std@@@std@@V?$allocator@V?$_List_unchecked_iterator@V?$_List_val@U?$_List_simple_types@U?$pair@QADPAD@std@@@std@@@std@@@std@@@2@@std@@QAE@XZ 1001bcc0 f i Hooks.obj
 0001:0001acc0       ??1?$vector@HV?$allocator@H@std@@@std@@QAE@XZ 1001bcc0 f i RageBot.obj
 0001:0001acc0       ??1?$vector@V?$_List_unchecked_iterator@V?$_List_val@U?$_List_simple_types@U?$pair@$$CBV?$basic_string@DU?$char_traits@D@std@@V?$allocator@D@2@@std@@V12@@std@@@std@@@std@@@std@@V?$allocator@V?$_List_unchecked_iterator@V?$_List_val@U?$_List_simple_types@U?$pair@$$CBV?$basic_string@DU?$char_traits@D@std@@V?$allocator@D@2@@std@@V12@@std@@@std@@@std@@@std@@@2@@std@@QAE@XZ 1001bcc0 f i Configuration.obj
 0001:0001acc0       ??1?$vector@V?$_List_unchecked_iterator@V?$_List_val@U?$_List_simple_types@U?$pair@$$CBV?$basic_string@DU?$char_traits@D@std@@V?$allocator@D@2@@std@@UskinInfo@@@std@@@std@@@std@@@std@@V?$allocator@V?$_List_unchecked_iterator@V?$_List_val@U?$_List_simple_types@U?$pair@$$CBV?$basic_string@DU?$char_traits@D@std@@V?$allocator@D@2@@std@@UskinInfo@@@std@@@std@@@std@@@std@@@2@@std@@QAE@XZ 1001bcc0 f i Configuration.obj
 0001:0001ad20       ??4?$basic_string@DU?$char_traits@D@std@@V?$allocator@D@2@@std@@QAEAAV01@$$QAV01@@Z 1001bd20 f i Configuration.obj
 0001:0001ad60       ?GetWeaponName@@YAPBDH@Z   1001bd60 f   Configuration.obj
 0001:0001afe0       ?Load@CConfig@@QAEXXZ      1001bfe0 f   Configuration.obj
 0001:0001bd50       ?Save@CConfig@@QAEXXZ      1001cd50 f   Configuration.obj
 0001:0001cbb0       ?Setup@CConfig@@QAEXXZ     1001dbb0 f   Configuration.obj
 0001:00020d90       ?SetupValue@CConfig@@AAEXAAHHV?$basic_string@DU?$char_traits@D@std@@V?$allocator@D@2@@std@@1@Z 10021d90 f   Configuration.obj
 0001:00020fb0       ?SetupValue@CConfig@@AAEXAAMMV?$basic_string@DU?$char_traits@D@std@@V?$allocator@D@2@@std@@1@Z 10021fb0 f   Configuration.obj
 0001:000211d0       ?SetupValue@CConfig@@AAEXAA_N_NV?$basic_string@DU?$char_traits@D@std@@V?$allocator@D@2@@std@@2@Z 100221d0 f   Configuration.obj
 0001:000213f0       ?_Buynode0@?$_List_alloc@U?$_List_base_types@U?$pair@$$CBV?$basic_string@DU?$char_traits@D@std@@V?$allocator@D@2@@std@@UskinInfo@@@std@@V?$allocator@U?$pair@$$CBV?$basic_string@DU?$char_traits@D@std@@V?$allocator@D@2@@std@@UskinInfo@@@std@@@2@@std@@@std@@QAEPAU?$_List_node@U?$pair@$$CBV?$basic_string@DU?$char_traits@D@std@@V?$allocator@D@2@@std@@UskinInfo@@@std@@PAX@2@PAU32@0@Z 100223f0 f i Configuration.obj
 0001:00021420       ?_Buynode0@?$_List_alloc@U?$_List_base_types@U?$pair@$$CBV?$basic_string@DU?$char_traits@D@std@@V?$allocator@D@2@@std@@V12@@std@@V?$allocator@U?$pair@$$CBV?$basic_string@DU?$char_traits@D@std@@V?$allocator@D@2@@std@@V12@@std@@@2@@std@@@std@@QAEPAU?$_List_node@U?$pair@$$CBV?$basic_string@DU?$char_traits@D@std@@V?$allocator@D@2@@std@@V12@@std@@PAX@2@PAU32@0@Z 10022420 f i Configuration.obj
 0001:00021450       ?_Buynode0@?$_List_alloc@U?$_List_base_types@U?$pair@$$CBV?$basic_string@DU?$char_traits@D@std@@V?$allocator@D@2@@std@@V?$set@V?$basic_string@DU?$char_traits@D@std@@V?$allocator@D@2@@std@@U?$less@V?$basic_string@DU?$char_traits@D@std@@V?$allocator@D@2@@std@@@2@V?$allocator@V?$basic_string@DU?$char_traits@D@std@@V?$allocator@D@2@@std@@@2@@2@@std@@V?$allocator@U?$pair@$$CBV?$basic_string@DU?$char_traits@D@std@@V?$allocator@D@2@@std@@V?$set@V?$basic_string@DU?$char_traits@D@std@@V?$allocator@D@2@@std@@U?$less@V?$basic_string@DU?$char_traits@D@std@@V?$allocator@D@2@@std@@@2@V?$allocator@V?$basic_string@DU?$char_traits@D@std@@V?$allocator@D@2@@std@@@2@@2@@std@@@2@@std@@@std@@QAEPAU?$_List_node@U?$pair@$$CBV?$basic_string@DU?$char_traits@D@std@@V?$allocator@D@2@@std@@V?$set@V?$basic_string@DU?$char_traits@D@std@@V?$allocator@D@2@@std@@U?$less@V?$basic_string@DU?$char_traits@D@std@@V?$allocator@D@2@@std@@@2@V?$allocator@V?$basic_string@DU?$char_traits@D@std@@V?$allocator@D@2@@std@@@2@@2@@std@@PAX@2@PAU32@0@Z 10022450 f i Configuration.obj
 0001:00021480       ?_Erase@?$_Tree@V?$_Tset_traits@V?$basic_string@DU?$char_traits@D@std@@V?$allocator@D@2@@std@@U?$less@V?$basic_string@DU?$char_traits@D@std@@V?$allocator@D@2@@std@@@2@V?$allocator@V?$basic_string@DU?$char_traits@D@std@@V?$allocator@D@2@@std@@@2@$0A@@std@@@std@@IAEXPAU?$_Tree_node@V?$basic_string@DU?$char_traits@D@std@@V?$allocator@D@2@@std@@PAX@2@@Z 10022480 f i Configuration.obj
 0001:00021510       ?_Extract@?$_Tree@V?$_Tset_traits@V?$basic_string@DU?$char_traits@D@std@@V?$allocator@D@2@@std@@U?$less@V?$basic_string@DU?$char_traits@D@std@@V?$allocator@D@2@@std@@@2@V?$allocator@V?$basic_string@DU?$char_traits@D@std@@V?$allocator@D@2@@std@@@2@$0A@@std@@@std@@QAEPAU?$_Tree_node@V?$basic_string@DU?$char_traits@D@std@@V?$allocator@D@2@@std@@PAX@2@V?$_Tree_const_iterator@V?$_Tree_val@U?$_Tree_simple_types@V?$basic_string@DU?$char_traits@D@std@@V?$allocator@D@2@@std@@@std@@@std@@@2@@Z 10022510 f i Configuration.obj
 0001:000217d0       ?_Reallocate_exactly@?$vector@V?$_List_unchecked_iterator@V?$_List_val@U?$_List_simple_types@U?$pair@$$CBV?$basic_string@DU?$char_traits@D@std@@V?$allocator@D@2@@std@@V?$set@V?$basic_string@DU?$char_traits@D@std@@V?$allocator@D@2@@std@@U?$less@V?$basic_string@DU?$char_traits@D@std@@V?$allocator@D@2@@std@@@2@V?$allocator@V?$basic_string@DU?$char_traits@D@std@@V?$allocator@D@2@@std@@@2@@2@@std@@@std@@@std@@@std@@V?$allocator@V?$_List_unchecked_iterator@V?$_List_val@U?$_List_simple_types@U?$pair@$$CBV?$basic_string@DU?$char_traits@D@std@@V?$allocator@D@2@@std@@V?$set@V?$basic_string@DU?$char_traits@D@std@@V?$allocator@D@2@@std@@U?$less@V?$basic_string@DU?$char_traits@D@std@@V?$allocator@D@2@@std@@@2@V?$allocator@V?$basic_string@DU?$char_traits@D@std@@V?$allocator@D@2@@std@@@2@@2@@std@@@std@@@std@@@std@@@2@@std@@AAEXI@Z 100227d0 f i Configuration.obj
 0001:000217d0       ?_Reallocate_exactly@?$vector@V?$_List_unchecked_iterator@V?$_List_val@U?$_List_simple_types@U?$pair@$$CBV?$basic_string@DU?$char_traits@D@std@@V?$allocator@D@2@@std@@V12@@std@@@std@@@std@@@std@@V?$allocator@V?$_List_unchecked_iterator@V?$_List_val@U?$_List_simple_types@U?$pair@$$CBV?$basic_string@DU?$char_traits@D@std@@V?$allocator@D@2@@std@@V12@@std@@@std@@@std@@@std@@@2@@std@@AAEXI@Z 100227d0 f i Configuration.obj
 0001:000217d0       ?_Reallocate_exactly@?$vector@V?$_List_unchecked_iterator@V?$_List_val@U?$_List_simple_types@U?$pair@$$CBV?$basic_string@DU?$char_traits@D@std@@V?$allocator@D@2@@std@@UskinInfo@@@std@@@std@@@std@@@std@@V?$allocator@V?$_List_unchecked_iterator@V?$_List_val@U?$_List_simple_types@U?$pair@$$CBV?$basic_string@DU?$char_traits@D@std@@V?$allocator@D@2@@std@@UskinInfo@@@std@@@std@@@std@@@std@@@2@@std@@AAEXI@Z 100227d0 f i Configuration.obj
 0001:000217d0       ?_Reallocate_exactly@?$vector@V?$_List_unchecked_iterator@V?$_List_val@U?$_List_simple_types@U?$pair@QADPAD@std@@@std@@@std@@@std@@V?$allocator@V?$_List_unchecked_iterator@V?$_List_val@U?$_List_simple_types@U?$pair@QADPAD@std@@@std@@@std@@@std@@@2@@std@@AAEXI@Z 100227d0 f i Hooks.obj
 0001:00021900       ?append@?$basic_string@DU?$char_traits@D@std@@V?$allocator@D@2@@std@@QAEAAV12@ABV12@@Z 10022900 f i Configuration.obj
 0001:00021970       ?assign@?$vector@V?$_List_unchecked_iterator@V?$_List_val@U?$_List_simple_types@U?$pair@$$CBV?$basic_string@DU?$char_traits@D@std@@V?$allocator@D@2@@std@@V12@@std@@@std@@@std@@@std@@V?$allocator@V?$_List_unchecked_iterator@V?$_List_val@U?$_List_simple_types@U?$pair@$$CBV?$basic_string@DU?$char_traits@D@std@@V?$allocator@D@2@@std@@V12@@std@@@std@@@std@@@std@@@2@@std@@QAEXIABV?$_List_unchecked_iterator@V?$_List_val@U?$_List_simple_types@U?$pair@$$CBV?$basic_string@DU?$char_traits@D@std@@V?$allocator@D@2@@std@@V12@@std@@@std@@@std@@@2@@Z 10022970 f i Configuration.obj
 0001:00021970       ?assign@?$vector@V?$_List_unchecked_iterator@V?$_List_val@U?$_List_simple_types@U?$pair@$$CBV?$basic_string@DU?$char_traits@D@std@@V?$allocator@D@2@@std@@UskinInfo@@@std@@@std@@@std@@@std@@V?$allocator@V?$_List_unchecked_iterator@V?$_List_val@U?$_List_simple_types@U?$pair@$$CBV?$basic_string@DU?$char_traits@D@std@@V?$allocator@D@2@@std@@UskinInfo@@@std@@@std@@@std@@@std@@@2@@std@@QAEXIABV?$_List_unchecked_iterator@V?$_List_val@U?$_List_simple_types@U?$pair@$$CBV?$basic_string@DU?$char_traits@D@std@@V?$allocator@D@2@@std@@UskinInfo@@@std@@@std@@@std@@@2@@Z 10022970 f i Configuration.obj
 0001:00021970       ?assign@?$vector@V?$_List_unchecked_iterator@V?$_List_val@U?$_List_simple_types@U?$pair@QADPAD@std@@@std@@@std@@@std@@V?$allocator@V?$_List_unchecked_iterator@V?$_List_val@U?$_List_simple_types@U?$pair@QADPAD@std@@@std@@@std@@@std@@@2@@std@@QAEXIABV?$_List_unchecked_iterator@V?$_List_val@U?$_List_simple_types@U?$pair@QADPAD@std@@@std@@@std@@@2@@Z 10022970 f i Hooks.obj
 0001:00021970       ?assign@?$vector@V?$_List_unchecked_iterator@V?$_List_val@U?$_List_simple_types@U?$pair@$$CBV?$basic_string@DU?$char_traits@D@std@@V?$allocator@D@2@@std@@V?$set@V?$basic_string@DU?$char_traits@D@std@@V?$allocator@D@2@@std@@U?$less@V?$basic_string@DU?$char_traits@D@std@@V?$allocator@D@2@@std@@@2@V?$allocator@V?$basic_string@DU?$char_traits@D@std@@V?$allocator@D@2@@std@@@2@@2@@std@@@std@@@std@@@std@@V?$allocator@V?$_List_unchecked_iterator@V?$_List_val@U?$_List_simple_types@U?$pair@$$CBV?$basic_string@DU?$char_traits@D@std@@V?$allocator@D@2@@std@@V?$set@V?$basic_string@DU?$char_traits@D@std@@V?$allocator@D@2@@std@@U?$less@V?$basic_string@DU?$char_traits@D@std@@V?$allocator@D@2@@std@@@2@V?$allocator@V?$basic_string@DU?$char_traits@D@std@@V?$allocator@D@2@@std@@@2@@2@@std@@@std@@@std@@@std@@@2@@std@@QAEXIABV?$_List_unchecked_iterator@V?$_List_val@U?$_List_simple_types@U?$pair@$$CBV?$basic_string@DU?$char_traits@D@std@@V?$allocator@D@2@@std@@V?$set@V?$basic_string@DU?$char_traits@D@std@@V?$allocator@D@2@@std@@U?$less@V?$basic_string@DU?$char_traits@D@std@@V?$allocator@D@2@@std@@@2@V?$allocator@V?$basic_string@DU?$char_traits@D@std@@V?$allocator@D@2@@std@@@2@@2@@std@@@std@@@std@@@2@@Z 10022970 f i Configuration.obj
 0001:00021af0       ?deallocate@?$allocator@V?$_List_unchecked_iterator@V?$_List_val@U?$_List_simple_types@U?$pair@$$CBV?$basic_string@DU?$char_traits@D@std@@V?$allocator@D@2@@std@@V?$set@V?$basic_string@DU?$char_traits@D@std@@V?$allocator@D@2@@std@@U?$less@V?$basic_string@DU?$char_traits@D@std@@V?$allocator@D@2@@std@@@2@V?$allocator@V?$basic_string@DU?$char_traits@D@std@@V?$allocator@D@2@@std@@@2@@2@@std@@@std@@@std@@@std@@@std@@QAEXQAV?$_List_unchecked_iterator@V?$_List_val@U?$_List_simple_types@U?$pair@$$CBV?$basic_string@DU?$char_traits@D@std@@V?$allocator@D@2@@std@@V?$set@V?$basic_string@DU?$char_traits@D@std@@V?$allocator@D@2@@std@@U?$less@V?$basic_string@DU?$char_traits@D@std@@V?$allocator@D@2@@std@@@2@V?$allocator@V?$basic_string@DU?$char_traits@D@std@@V?$allocator@D@2@@std@@@2@@2@@std@@@std@@@std@@@2@I@Z 10022af0 f i Configuration.obj
 0001:00021af0       ?deallocate@?$allocator@V?$_List_unchecked_iterator@V?$_List_val@U?$_List_simple_types@U?$pair@$$CBV?$basic_string@DU?$char_traits@D@std@@V?$allocator@D@2@@std@@UskinInfo@@@std@@@std@@@std@@@std@@@std@@QAEXQAV?$_List_unchecked_iterator@V?$_List_val@U?$_List_simple_types@U?$pair@$$CBV?$basic_string@DU?$char_traits@D@std@@V?$allocator@D@2@@std@@UskinInfo@@@std@@@std@@@std@@@2@I@Z 10022af0 f i Configuration.obj
 0001:00021af0       ?deallocate@?$allocator@V?$_List_unchecked_iterator@V?$_List_val@U?$_List_simple_types@U?$pair@QADPAD@std@@@std@@@std@@@std@@@std@@QAEXQAV?$_List_unchecked_iterator@V?$_List_val@U?$_List_simple_types@U?$pair@QADPAD@std@@@std@@@std@@@2@I@Z 10022af0 f i Hooks.obj
 0001:00021af0       ?deallocate@?$allocator@V?$_List_unchecked_iterator@V?$_List_val@U?$_List_simple_types@U?$pair@$$CBV?$basic_string@DU?$char_traits@D@std@@V?$allocator@D@2@@std@@V12@@std@@@std@@@std@@@std@@@std@@QAEXQAV?$_List_unchecked_iterator@V?$_List_val@U?$_List_simple_types@U?$pair@$$CBV?$basic_string@DU?$char_traits@D@std@@V?$allocator@D@2@@std@@V12@@std@@@std@@@std@@@2@I@Z 10022af0 f i Configuration.obj
 0001:00021b30       ?erase@?$_Tree@V?$_Tset_traits@V?$basic_string@DU?$char_traits@D@std@@V?$allocator@D@2@@std@@U?$less@V?$basic_string@DU?$char_traits@D@std@@V?$allocator@D@2@@std@@@2@V?$allocator@V?$basic_string@DU?$char_traits@D@std@@V?$allocator@D@2@@std@@@2@$0A@@std@@@std@@QAE?AV?$_Tree_const_iterator@V?$_Tree_val@U?$_Tree_simple_types@V?$basic_string@DU?$char_traits@D@std@@V?$allocator@D@2@@std@@@std@@@std@@@2@V32@0@Z 10022b30 f i Configuration.obj
 0001:00021cd0       ?resize@?$basic_string@DU?$char_traits@D@std@@V?$allocator@D@2@@std@@QAEXID@Z 10022cd0 f i Configuration.obj
 0001:00021d50       __scprintf                 10022d50 f i Configuration.obj
 0001:00021d80       ?on_dll_attach@@YA_NPAX@Z  10022d80 f   DLLMain.obj
 0001:00021e00       _DllMain@12                10022e00 f   DLLMain.obj
 0001:000221a0       ??$sprintf_s@$0EA@@@YAHAAY0EA@DPBDZZ 100231a0 f i ESP.obj
 0001:00022270       ??0visuals@@QAE@XZ         10023270 f   ESP.obj
 0001:00022300       ?DLight@visuals@@AAEXPAVC_BaseEntity@@0@Z 10023300 f   ESP.obj
 0001:00022570       ?DrawAngles@visuals@@AAEXXZ 10023570 f   ESP.obj
 0001:00022c50       ?DrawBox@visuals@@AAEXUtagRECT@@VColor@@@Z 10023c50 f   ESP.obj
 0001:00022cd0       ?DrawCircle@@YAXMMMMVColor@@@Z 10023cd0 f   ESP.obj
 0001:00022de0       ?DrawCorners@visuals@@AAEXUtagRECT@@VColor@@@Z 10023de0 f   ESP.obj
 0001:00023090       ?DrawInfo@visuals@@AAEXUtagRECT@@PAVC_BaseEntity@@1@Z 10024090 f   ESP.obj
 0001:000241b0       ?DynamicBox@visuals@@AAE?AUtagRECT@@PAVC_BaseEntity@@AA_N0@Z 100251b0 f   ESP.obj
 0001:00024720       ?GetBonePos@C_BaseEntity@@QAE?AVVector@@H@Z 10025720 f i ESP.obj
 0001:000247e0       ?GetEyePosition@C_BaseEntity@@QAE?AVVector@@XZ 100257e0 f i ESP.obj
 0001:00024850       ?Hitmarker@visuals@@AAEXXZ 10025850 f   ESP.obj
 0001:00024ac0       ?Init@Ray_t@@QAEXABVVector@@0@Z 10025ac0 f i ESP.obj
 0001:00024b80       ?NightMode@visuals@@AAEXXZ 10025b80 f   ESP.obj
 0001:00024fd0       ?OnPaintTraverse@visuals@@QAEXPAVC_BaseEntity@@@Z 10025fd0 f   ESP.obj
 0001:000270e0       ?Skeleton@visuals@@AAEXPAVC_BaseEntity@@VColor@@@Z 100280e0 f   ESP.obj
 0001:00027260       ?SpecList@visuals@@AAEXPAVC_BaseEntity@@@Z 10028260 f   ESP.obj
 0001:000275a0       ?ThreeDBox@visuals@@AAEXVVector@@00VColor@@@Z 100285a0 f   ESP.obj
 0001:000277f0       ?_Xran@?$_String_val@U?$_Simple_types@D@std@@@std@@SAXXZ 100287f0 f i ESP.obj
 0001:00027840       ?flGetDistance@@YAHVVector@@0@Z 10028840 f i ESP.obj
 0001:000278d0       ?insert@?$basic_string@DU?$char_traits@D@std@@V?$allocator@D@2@@std@@QAEAAV12@IQBDI@Z 100288d0 f i ESP.obj
 0001:000279a0       _sprintf                   100289a0 f i ESP.obj
 0001:000279e0       ??$_Uninitialized_move_al_unchecked@PAVVector@@PAV1@V?$allocator@VVector@@@std@@@std@@YAPAVVector@@PAV1@00AAV?$allocator@VVector@@@0@U_General_ptr_iterator_tag@0@U_Unused_parameter@0@@Z 100289e0 f i GrenadePrediction.obj
 0001:00027a10       ??$emplace_back@ABVVector@@@?$vector@VVector@@V?$allocator@VVector@@@std@@@std@@QAEXABVVector@@@Z 10028a10 f i GrenadePrediction.obj
 0001:00027bf0       ?Init@Ray_t@@QAEXABVVector@@000@Z 10028bf0 f i GrenadePrediction.obj
 0001:00027dd0       ?Paint@grenade_prediction@@QAEXXZ 10028dd0 f   GrenadePrediction.obj
 0001:00027fa0       ?Setup@grenade_prediction@@AAEXAAVVector@@0V2@@Z 10028fa0 f   GrenadePrediction.obj
 0001:00028330       ?ShouldHitEntity@CTraceFilterWorldAndPropsOnly@@UAE_NPAVC_BaseEntity@@H@Z 10029330 f i GrenadePrediction.obj
 0001:00028340       ?Step@grenade_prediction@@AAEHAAVVector@@0HM@Z 10029340 f   GrenadePrediction.obj
 0001:00028710       ?Tick@grenade_prediction@@QAEXH@Z 10029710 f   GrenadePrediction.obj
 0001:00028750       ?TraceHull@grenade_prediction@@AAEXAAVVector@@0AAVCGameTrace@@@Z 10029750 f   GrenadePrediction.obj
 0001:00028830       ?View@grenade_prediction@@QAEXPAUCViewSetup@@@Z 10029830 f   GrenadePrediction.obj
 0001:000289b0       ?deallocate@?$allocator@VVector@@@std@@QAEXQAVVector@@I@Z 100299b0 f i GrenadePrediction.obj
 0001:000289f0       ??$?0PADX@?$basic_string@DU?$char_traits@D@std@@V?$allocator@D@2@@std@@QAE@PAD0ABV?$allocator@D@1@@Z 100299f0 f i Hooks.obj
 0001:00028a30       ??$_Buynode@ABUpiecewise_construct_t@std@@V?$tuple@ABQAD@2@V?$tuple@$$V@2@@?$_List_buy@U?$pair@QADPAD@std@@V?$allocator@U?$pair@QADPAD@std@@@2@@std@@QAEPAU?$_List_node@U?$pair@QADPAD@std@@PAX@1@PAU21@0ABUpiecewise_construct_t@1@$$QAV?$tuple@ABQAD@1@$$QAV?$tuple@$$V@1@@Z 10029a30 f i Hooks.obj
 0001:00028a60       ??$_Buynode@ABUpiecewise_construct_t@std@@V?$tuple@ABV?$basic_string@DU?$char_traits@D@std@@V?$allocator@D@2@@std@@@2@V?$tuple@$$V@2@@?$_List_buy@U?$pair@$$CBV?$basic_string@DU?$char_traits@D@std@@V?$allocator@D@2@@std@@UskinInfo@@@std@@V?$allocator@U?$pair@$$CBV?$basic_string@DU?$char_traits@D@std@@V?$allocator@D@2@@std@@UskinInfo@@@std@@@2@@std@@QAEPAU?$_List_node@U?$pair@$$CBV?$basic_string@DU?$char_traits@D@std@@V?$allocator@D@2@@std@@UskinInfo@@@std@@PAX@1@PAU21@0ABUpiecewise_construct_t@1@$$QAV?$tuple@ABV?$basic_string@DU?$char_traits@D@std@@V?$allocator@D@2@@std@@@1@$$QAV?$tuple@$$V@1@@Z 10029a60 f i Hooks.obj
 0001:00028b10       ??$_Buynode@ABUpiecewise_construct_t@std@@V?$tuple@ABV?$basic_string@DU?$char_traits@D@std@@V?$allocator@D@2@@std@@@2@V?$tuple@$$V@2@@?$_List_buy@U?$pair@$$CBV?$basic_string@DU?$char_traits@D@std@@V?$allocator@D@2@@std@@V12@@std@@V?$allocator@U?$pair@$$CBV?$basic_string@DU?$char_traits@D@std@@V?$allocator@D@2@@std@@V12@@std@@@2@@std@@QAEPAU?$_List_node@U?$pair@$$CBV?$basic_string@DU?$char_traits@D@std@@V?$allocator@D@2@@std@@V12@@std@@PAX@1@PAU21@0ABUpiecewise_construct_t@1@$$QAV?$tuple@ABV?$basic_string@DU?$char_traits@D@std@@V?$allocator@D@2@@std@@@1@$$QAV?$tuple@$$V@1@@Z 10029b10 f i Hooks.obj
 0001:00028bb0       ??$_Buynode@ABUpiecewise_construct_t@std@@V?$tuple@ABV?$basic_string@DU?$char_traits@D@std@@V?$allocator@D@2@@std@@@2@V?$tuple@$$V@2@@?$_List_buy@U?$pair@$$CBV?$basic_string@DU?$char_traits@D@std@@V?$allocator@D@2@@std@@V?$set@V?$basic_string@DU?$char_traits@D@std@@V?$allocator@D@2@@std@@U?$less@V?$basic_string@DU?$char_traits@D@std@@V?$allocator@D@2@@std@@@2@V?$allocator@V?$basic_string@DU?$char_traits@D@std@@V?$allocator@D@2@@std@@@2@@2@@std@@V?$allocator@U?$pair@$$CBV?$basic_string@DU?$char_traits@D@std@@V?$allocator@D@2@@std@@V?$set@V?$basic_string@DU?$char_traits@D@std@@V?$allocator@D@2@@std@@U?$less@V?$basic_string@DU?$char_traits@D@std@@V?$allocator@D@2@@std@@@2@V?$allocator@V?$basic_string@DU?$char_traits@D@std@@V?$allocator@D@2@@std@@@2@@2@@std@@@2@@std@@QAEPAU?$_List_node@U?$pair@$$CBV?$basic_string@DU?$char_traits@D@std@@V?$allocator@D@2@@std@@V?$set@V?$basic_string@DU?$char_traits@D@std@@V?$allocator@D@2@@std@@U?$less@V?$basic_string@DU?$char_traits@D@std@@V?$allocator@D@2@@std@@@2@V?$allocator@V?$basic_string@DU?$char_traits@D@std@@V?$allocator@D@2@@std@@@2@@2@@std@@PAX@1@PAU21@0ABUpiecewise_construct_t@1@$$QAV?$tuple@ABV?$basic_string@DU?$char_traits@D@std@@V?$allocator@D@2@@std@@@1@$$QAV?$tuple@$$V@1@@Z 10029bb0 f i Hooks.obj
 0001:00028c60       ??$_Buynode@V?$basic_string@DU?$char_traits@D@std@@V?$allocator@D@2@@std@@@?$_Tree_comp_alloc@V?$_Tset_traits@V?$basic_string@DU?$char_traits@D@std@@V?$allocator@D@2@@std@@U?$less@V?$basic_string@DU?$char_traits@D@std@@V?$allocator@D@2@@std@@@2@V?$allocator@V?$basic_string@DU?$char_traits@D@std@@V?$allocator@D@2@@std@@@2@$0A@@std@@@std@@QAEPAU?$_Tree_node@V?$basic_string@DU?$char_traits@D@std@@V?$allocator@D@2@@std@@PAX@1@$$QAV?$basic_string@DU?$char_traits@D@std@@V?$allocator@D@2@@1@@Z 10029c60 f i Hooks.obj
 0001:00028cb0       ??$_Destroy_range@V?$allocator@V?$basic_string@DU?$char_traits@D@std@@V?$allocator@D@2@@std@@@std@@@std@@YAXPAV?$basic_string@DU?$char_traits@D@std@@V?$allocator@D@2@@0@0AAV?$allocator@V?$basic_string@DU?$char_traits@D@std@@V?$allocator@D@2@@std@@@0@@Z 10029cb0 f i Hooks.obj
 0001:00028d20       ??$_Insert@AAU?$pair@$$CBV?$basic_string@DU?$char_traits@D@std@@V?$allocator@D@2@@std@@UskinInfo@@@std@@V?$_List_unchecked_iterator@V?$_List_val@U?$_List_simple_types@U?$pair@$$CBV?$basic_string@DU?$char_traits@D@std@@V?$allocator@D@2@@std@@UskinInfo@@@std@@@std@@@std@@@2@@?$_Hash@V?$_Umap_traits@V?$basic_string@DU?$char_traits@D@std@@V?$allocator@D@2@@std@@UskinInfo@@V?$_Uhash_compare@V?$basic_string@DU?$char_traits@D@std@@V?$allocator@D@2@@std@@U?$hash@V?$basic_string@DU?$char_traits@D@std@@V?$allocator@D@2@@std@@@2@U?$equal_to@V?$basic_string@DU?$char_traits@D@std@@V?$allocator@D@2@@std@@@2@@2@V?$allocator@U?$pair@$$CBV?$basic_string@DU?$char_traits@D@std@@V?$allocator@D@2@@std@@UskinInfo@@@std@@@2@$0A@@std@@@std@@IAE?AU?$pair@V?$_List_iterator@V?$_List_val@U?$_List_simple_types@U?$pair@$$CBV?$basic_string@DU?$char_traits@D@std@@V?$allocator@D@2@@std@@UskinInfo@@@std@@@std@@@std@@@std@@_N@1@AAU?$pair@$$CBV?$basic_string@DU?$char_traits@D@std@@V?$allocator@D@2@@std@@UskinInfo@@@1@V?$_List_unchecked_iterator@V?$_List_val@U?$_List_simple_types@U?$pair@$$CBV?$basic_string@DU?$char_traits@D@std@@V?$allocator@D@2@@std@@UskinInfo@@@std@@@std@@@std@@@1@@Z 10029d20 f i Hooks.obj
 0001:00028f80       ??$_Insert@AAU?$pair@$$CBV?$basic_string@DU?$char_traits@D@std@@V?$allocator@D@2@@std@@V12@@std@@V?$_List_unchecked_iterator@V?$_List_val@U?$_List_simple_types@U?$pair@$$CBV?$basic_string@DU?$char_traits@D@std@@V?$allocator@D@2@@std@@V12@@std@@@std@@@std@@@2@@?$_Hash@V?$_Umap_traits@V?$basic_string@DU?$char_traits@D@std@@V?$allocator@D@2@@std@@V12@V?$_Uhash_compare@V?$basic_string@DU?$char_traits@D@std@@V?$allocator@D@2@@std@@U?$hash@V?$basic_string@DU?$char_traits@D@std@@V?$allocator@D@2@@std@@@2@U?$equal_to@V?$basic_string@DU?$char_traits@D@std@@V?$allocator@D@2@@std@@@2@@2@V?$allocator@U?$pair@$$CBV?$basic_string@DU?$char_traits@D@std@@V?$allocator@D@2@@std@@V12@@std@@@2@$0A@@std@@@std@@IAE?AU?$pair@V?$_List_iterator@V?$_List_val@U?$_List_simple_types@U?$pair@$$CBV?$basic_string@DU?$char_traits@D@std@@V?$allocator@D@2@@std@@V12@@std@@@std@@@std@@@std@@_N@1@AAU?$pair@$$CBV?$basic_string@DU?$char_traits@D@std@@V?$allocator@D@2@@std@@V12@@1@V?$_List_unchecked_iterator@V?$_List_val@U?$_List_simple_types@U?$pair@$$CBV?$basic_string@DU?$char_traits@D@std@@V?$allocator@D@2@@std@@V12@@std@@@std@@@std@@@1@@Z 10029f80 f i Hooks.obj
 0001:000291e0       ??$_Insert@AAU?$pair@$$CBV?$basic_string@DU?$char_traits@D@std@@V?$allocator@D@2@@std@@V?$set@V?$basic_string@DU?$char_traits@D@std@@V?$allocator@D@2@@std@@U?$less@V?$basic_string@DU?$char_traits@D@std@@V?$allocator@D@2@@std@@@2@V?$allocator@V?$basic_string@DU?$char_traits@D@std@@V?$allocator@D@2@@std@@@2@@2@@std@@V?$_List_unchecked_iterator@V?$_List_val@U?$_List_simple_types@U?$pair@$$CBV?$basic_string@DU?$char_traits@D@std@@V?$allocator@D@2@@std@@V?$set@V?$basic_string@DU?$char_traits@D@std@@V?$allocator@D@2@@std@@U?$less@V?$basic_string@DU?$char_traits@D@std@@V?$allocator@D@2@@std@@@2@V?$allocator@V?$basic_string@DU?$char_traits@D@std@@V?$allocator@D@2@@std@@@2@@2@@std@@@std@@@std@@@2@@?$_Hash@V?$_Umap_traits@V?$basic_string@DU?$char_traits@D@std@@V?$allocator@D@2@@std@@V?$set@V?$basic_string@DU?$char_traits@D@std@@V?$allocator@D@2@@std@@U?$less@V?$basic_string@DU?$char_traits@D@std@@V?$allocator@D@2@@std@@@2@V?$allocator@V?$basic_string@DU?$char_traits@D@std@@V?$allocator@D@2@@std@@@2@@2@V?$_Uhash_compare@V?$basic_string@DU?$char_traits@D@std@@V?$allocator@D@2@@std@@U?$hash@V?$basic_string@DU?$char_traits@D@std@@V?$allocator@D@2@@std@@@2@U?$equal_to@V?$basic_string@DU?$char_traits@D@std@@V?$allocator@D@2@@std@@@2@@2@V?$allocator@U?$pair@$$CBV?$basic_string@DU?$char_traits@D@std@@V?$allocator@D@2@@std@@V?$set@V?$basic_string@DU?$char_traits@D@std@@V?$allocator@D@2@@std@@U?$less@V?$basic_string@DU?$char_traits@D@std@@V?$allocator@D@2@@std@@@2@V?$allocator@V?$basic_string@DU?$char_traits@D@std@@V?$allocator@D@2@@std@@@2@@2@@std@@@2@$0A@@std@@@std@@IAE?AU?$pair@V?$_List_iterator@V?$_List_val@U?$_List_simple_types@U?$pair@$$CBV?$basic_string@DU?$char_traits@D@std@@V?$allocator@D@2@@std@@V?$set@V?$basic_string@DU?$char_traits@D@std@@V?$allocator@D@2@@std@@U?$less@V?$basic_string@DU?$char_traits@D@std@@V?$allocator@D@2@@std@@@2@V?$allocator@V?$basic_string@DU?$char_traits@D@std@@V?$allocator@D@2@@std@@@2@@2@@std@@@std@@@std@@@std@@_N@1@AAU?$pair@$$CBV?$basic_string@DU?$char_traits@D@std@@V?$allocator@D@2@@std@@V?$set@V?$basic_string@DU?$char_traits@D@std@@V?$allocator@D@2@@std@@U?$less@V?$basic_string@DU?$char_traits@D@std@@V?$allocator@D@2@@std@@@2@V?$allocator@V?$basic_string@DU?$char_traits@D@std@@V?$allocator@D@2@@std@@@2@@2@@1@V?$_List_unchecked_iterator@V?$_List_val@U?$_List_simple_types@U?$pair@$$CBV?$basic_string@DU?$char_traits@D@std@@V?$allocator@D@2@@std@@V?$set@V?$basic_string@DU?$char_traits@D@std@@V?$allocator@D@2@@std@@U?$less@V?$basic_string@DU?$char_traits@D@std@@V?$allocator@D@2@@std@@@2@V?$allocator@V?$basic_string@DU?$char_traits@D@std@@V?$allocator@D@2@@std@@@2@@2@@std@@@std@@@std@@@1@@Z 1002a1e0 f i Hooks.obj
 0001:00029440       ??$_Insert@AAU?$pair@QADPAD@std@@V?$_List_unchecked_iterator@V?$_List_val@U?$_List_simple_types@U?$pair@QADPAD@std@@@std@@@std@@@2@@?$_Hash@V?$_Umap_traits@PADPADV?$_Uhash_compare@PADU?$hash@PAD@std@@U?$equal_to@PAD@2@@std@@V?$allocator@U?$pair@QADPAD@std@@@2@$0A@@std@@@std@@IAE?AU?$pair@V?$_List_iterator@V?$_List_val@U?$_List_simple_types@U?$pair@QADPAD@std@@@std@@@std@@@std@@_N@1@AAU?$pair@QADPAD@1@V?$_List_unchecked_iterator@V?$_List_val@U?$_List_simple_types@U?$pair@QADPAD@std@@@std@@@std@@@1@@Z 1002a440 f i Hooks.obj
 0001:00029660       ??$_Insert_at@V?$basic_string@DU?$char_traits@D@std@@V?$allocator@D@2@@std@@U_Not_a_node_tag@2@@?$_Tree@V?$_Tset_traits@V?$basic_string@DU?$char_traits@D@std@@V?$allocator@D@2@@std@@U?$less@V?$basic_string@DU?$char_traits@D@std@@V?$allocator@D@2@@std@@@2@V?$allocator@V?$basic_string@DU?$char_traits@D@std@@V?$allocator@D@2@@std@@@2@$0A@@std@@@std@@IAE?AV?$_Tree_const_iterator@V?$_Tree_val@U?$_Tree_simple_types@V?$basic_string@DU?$char_traits@D@std@@V?$allocator@D@2@@std@@@std@@@std@@@1@_NPAU?$_Tree_node@V?$basic_string@DU?$char_traits@D@std@@V?$allocator@D@2@@std@@PAX@1@$$QAV?$basic_string@DU?$char_traits@D@std@@V?$allocator@D@2@@1@U_Not_a_node_tag@1@@Z 1002a660 f i Hooks.obj
 0001:000297c0       ??$_Insert_nohint@V?$basic_string@DU?$char_traits@D@std@@V?$allocator@D@2@@std@@U_Not_a_node_tag@2@@?$_Tree@V?$_Tset_traits@V?$basic_string@DU?$char_traits@D@std@@V?$allocator@D@2@@std@@U?$less@V?$basic_string@DU?$char_traits@D@std@@V?$allocator@D@2@@std@@@2@V?$allocator@V?$basic_string@DU?$char_traits@D@std@@V?$allocator@D@2@@std@@@2@$0A@@std@@@std@@IAE?AU?$pair@V?$_Tree_const_iterator@V?$_Tree_val@U?$_Tree_simple_types@V?$basic_string@DU?$char_traits@D@std@@V?$allocator@D@2@@std@@@std@@@std@@@std@@_N@1@_N$$QAV?$basic_string@DU?$char_traits@D@std@@V?$allocator@D@2@@1@U_Not_a_node_tag@1@@Z 1002a7c0 f i Hooks.obj
 0001:00029980       ??$_Range_construct_or_tidy@PBV?$basic_string@DU?$char_traits@D@std@@V?$allocator@D@2@@std@@@?$vector@V?$basic_string@DU?$char_traits@D@std@@V?$allocator@D@2@@std@@V?$allocator@V?$basic_string@DU?$char_traits@D@std@@V?$allocator@D@2@@std@@@2@@std@@AAEXPBV?$basic_string@DU?$char_traits@D@std@@V?$allocator@D@2@@1@0Uforward_iterator_tag@1@@Z 1002a980 f i Hooks.obj
 0001:00029a90       ??$_Traits_compare@U?$char_traits@D@std@@@std@@YAHQBDI0I@Z 1002aa90 f i Hooks.obj
 0001:00029b20       ??$_Traits_equal@U?$char_traits@D@std@@@std@@YA_NQBDI0I@Z 1002ab20 f i Hooks.obj
 0001:00029b90       ??$_Traits_find@U?$char_traits@D@std@@@std@@YAIQBDII0I@Z 1002ab90 f i Hooks.obj
 0001:00029c90       ??$_Try_emplace@ABV?$basic_string@DU?$char_traits@D@std@@V?$allocator@D@2@@std@@$$V@?$unordered_map@V?$basic_string@DU?$char_traits@D@std@@V?$allocator@D@2@@std@@UskinInfo@@U?$hash@V?$basic_string@DU?$char_traits@D@std@@V?$allocator@D@2@@std@@@2@U?$equal_to@V?$basic_string@DU?$char_traits@D@std@@V?$allocator@D@2@@std@@@2@V?$allocator@U?$pair@$$CBV?$basic_string@DU?$char_traits@D@std@@V?$allocator@D@2@@std@@UskinInfo@@@std@@@2@@std@@QAE?AU?$pair@V?$_List_iterator@V?$_List_val@U?$_List_simple_types@U?$pair@$$CBV?$basic_string@DU?$char_traits@D@std@@V?$allocator@D@2@@std@@UskinInfo@@@std@@@std@@@std@@@std@@_N@1@ABV?$basic_string@DU?$char_traits@D@std@@V?$allocator@D@2@@1@@Z 1002ac90 f i Hooks.obj
 0001:00029df0       ??$_Try_emplace@ABV?$basic_string@DU?$char_traits@D@std@@V?$allocator@D@2@@std@@$$V@?$unordered_map@V?$basic_string@DU?$char_traits@D@std@@V?$allocator@D@2@@std@@V12@U?$hash@V?$basic_string@DU?$char_traits@D@std@@V?$allocator@D@2@@std@@@2@U?$equal_to@V?$basic_string@DU?$char_traits@D@std@@V?$allocator@D@2@@std@@@2@V?$allocator@U?$pair@$$CBV?$basic_string@DU?$char_traits@D@std@@V?$allocator@D@2@@std@@V12@@std@@@2@@std@@QAE?AU?$pair@V?$_List_iterator@V?$_List_val@U?$_List_simple_types@U?$pair@$$CBV?$basic_string@DU?$char_traits@D@std@@V?$allocator@D@2@@std@@V12@@std@@@std@@@std@@@std@@_N@1@ABV?$basic_string@DU?$char_traits@D@std@@V?$allocator@D@2@@1@@Z 1002adf0 f i Hooks.obj
 0001:00029f50       ??$_Try_emplace@ABV?$basic_string@DU?$char_traits@D@std@@V?$allocator@D@2@@std@@$$V@?$unordered_map@V?$basic_string@DU?$char_traits@D@std@@V?$allocator@D@2@@std@@V?$set@V?$basic_string@DU?$char_traits@D@std@@V?$allocator@D@2@@std@@U?$less@V?$basic_string@DU?$char_traits@D@std@@V?$allocator@D@2@@std@@@2@V?$allocator@V?$basic_string@DU?$char_traits@D@std@@V?$allocator@D@2@@std@@@2@@2@U?$hash@V?$basic_string@DU?$char_traits@D@std@@V?$allocator@D@2@@std@@@2@U?$equal_to@V?$basic_string@DU?$char_traits@D@std@@V?$allocator@D@2@@std@@@2@V?$allocator@U?$pair@$$CBV?$basic_string@DU?$char_traits@D@std@@V?$allocator@D@2@@std@@V?$set@V?$basic_string@DU?$char_traits@D@std@@V?$allocator@D@2@@std@@U?$less@V?$basic_string@DU?$char_traits@D@std@@V?$allocator@D@2@@std@@@2@V?$allocator@V?$basic_string@DU?$char_traits@D@std@@V?$allocator@D@2@@std@@@2@@2@@std@@@2@@std@@QAE?AU?$pair@V?$_List_iterator@V?$_List_val@U?$_List_simple_types@U?$pair@$$CBV?$basic_string@DU?$char_traits@D@std@@V?$allocator@D@2@@std@@V?$set@V?$basic_string@DU?$char_traits@D@std@@V?$allocator@D@2@@std@@U?$less@V?$basic_string@DU?$char_traits@D@std@@V?$allocator@D@2@@std@@@2@V?$allocator@V?$basic_string@DU?$char_traits@D@std@@V?$allocator@D@2@@std@@@2@@2@@std@@@std@@@std@@@std@@_N@1@ABV?$basic_string@DU?$char_traits@D@std@@V?$allocator@D@2@@1@@Z 1002af50 f i Hooks.obj
 0001:0002a0b0       ??$_Uninitialized_copy_al_unchecked@PBV?$basic_string@DU?$char_traits@D@std@@V?$allocator@D@2@@std@@PAV12@V?$allocator@V?$basic_string@DU?$char_traits@D@std@@V?$allocator@D@2@@std@@@2@@std@@YAPAV?$basic_string@DU?$char_traits@D@std@@V?$allocator@D@2@@0@PBV10@0PAV10@AAV?$allocator@V?$basic_string@DU?$char_traits@D@std@@V?$allocator@D@2@@std@@@0@U_General_ptr_iterator_tag@0@U_Unused_parameter@0@@Z 1002b0b0 f i Hooks.obj
 0001:0002a150       ??$erase@V?$_List_iterator@V?$_List_val@U?$_List_simple_types@U?$pair@$$CBV?$basic_string@DU?$char_traits@D@std@@V?$allocator@D@2@@std@@UskinInfo@@@std@@@std@@@std@@@std@@X@?$_Hash@V?$_Umap_traits@V?$basic_string@DU?$char_traits@D@std@@V?$allocator@D@2@@std@@UskinInfo@@V?$_Uhash_compare@V?$basic_string@DU?$char_traits@D@std@@V?$allocator@D@2@@std@@U?$hash@V?$basic_string@DU?$char_traits@D@std@@V?$allocator@D@2@@std@@@2@U?$equal_to@V?$basic_string@DU?$char_traits@D@std@@V?$allocator@D@2@@std@@@2@@2@V?$allocator@U?$pair@$$CBV?$basic_string@DU?$char_traits@D@std@@V?$allocator@D@2@@std@@UskinInfo@@@std@@@2@$0A@@std@@@std@@QAE?AV?$_List_iterator@V?$_List_val@U?$_List_simple_types@U?$pair@$$CBV?$basic_string@DU?$char_traits@D@std@@V?$allocator@D@2@@std@@UskinInfo@@@std@@@std@@@std@@@1@V21@@Z 1002b150 f i Hooks.obj
 0001:0002a200       ??$erase@V?$_List_iterator@V?$_List_val@U?$_List_simple_types@U?$pair@$$CBV?$basic_string@DU?$char_traits@D@std@@V?$allocator@D@2@@std@@V12@@std@@@std@@@std@@@std@@X@?$_Hash@V?$_Umap_traits@V?$basic_string@DU?$char_traits@D@std@@V?$allocator@D@2@@std@@V12@V?$_Uhash_compare@V?$basic_string@DU?$char_traits@D@std@@V?$allocator@D@2@@std@@U?$hash@V?$basic_string@DU?$char_traits@D@std@@V?$allocator@D@2@@std@@@2@U?$equal_to@V?$basic_string@DU?$char_traits@D@std@@V?$allocator@D@2@@std@@@2@@2@V?$allocator@U?$pair@$$CBV?$basic_string@DU?$char_traits@D@std@@V?$allocator@D@2@@std@@V12@@std@@@2@$0A@@std@@@std@@QAE?AV?$_List_iterator@V?$_List_val@U?$_List_simple_types@U?$pair@$$CBV?$basic_string@DU?$char_traits@D@std@@V?$allocator@D@2@@std@@V12@@std@@@std@@@std@@@1@V21@@Z 1002b200 f i Hooks.obj
 0001:0002a2b0       ??$erase@V?$_List_iterator@V?$_List_val@U?$_List_simple_types@U?$pair@$$CBV?$basic_string@DU?$char_traits@D@std@@V?$allocator@D@2@@std@@V?$set@V?$basic_string@DU?$char_traits@D@std@@V?$allocator@D@2@@std@@U?$less@V?$basic_string@DU?$char_traits@D@std@@V?$allocator@D@2@@std@@@2@V?$allocator@V?$basic_string@DU?$char_traits@D@std@@V?$allocator@D@2@@std@@@2@@2@@std@@@std@@@std@@@std@@X@?$_Hash@V?$_Umap_traits@V?$basic_string@DU?$char_traits@D@std@@V?$allocator@D@2@@std@@V?$set@V?$basic_string@DU?$char_traits@D@std@@V?$allocator@D@2@@std@@U?$less@V?$basic_string@DU?$char_traits@D@std@@V?$allocator@D@2@@std@@@2@V?$allocator@V?$basic_string@DU?$char_traits@D@std@@V?$allocator@D@2@@std@@@2@@2@V?$_Uhash_compare@V?$basic_string@DU?$char_traits@D@std@@V?$allocator@D@2@@std@@U?$hash@V?$basic_string@DU?$char_traits@D@std@@V?$allocator@D@2@@std@@@2@U?$equal_to@V?$basic_string@DU?$char_traits@D@std@@V?$allocator@D@2@@std@@@2@@2@V?$allocator@U?$pair@$$CBV?$basic_string@DU?$char_traits@D@std@@V?$allocator@D@2@@std@@V?$set@V?$basic_string@DU?$char_traits@D@std@@V?$allocator@D@2@@std@@U?$less@V?$basic_string@DU?$char_traits@D@std@@V?$allocator@D@2@@std@@@2@V?$allocator@V?$basic_string@DU?$char_traits@D@std@@V?$allocator@D@2@@std@@@2@@2@@std@@@2@$0A@@std@@@std@@QAE?AV?$_List_iterator@V?$_List_val@U?$_List_simple_types@U?$pair@$$CBV?$basic_string@DU?$char_traits@D@std@@V?$allocator@D@2@@std@@V?$set@V?$basic_string@DU?$char_traits@D@std@@V?$allocator@D@2@@std@@U?$less@V?$basic_string@DU?$char_traits@D@std@@V?$allocator@D@2@@std@@@2@V?$allocator@V?$basic_string@DU?$char_traits@D@std@@V?$allocator@D@2@@std@@@2@@2@@std@@@std@@@std@@@1@V21@@Z 1002b2b0 f i Hooks.obj
 0001:0002a360       ??$erase@V?$_List_iterator@V?$_List_val@U?$_List_simple_types@U?$pair@QADPAD@std@@@std@@@std@@@std@@X@?$_Hash@V?$_Umap_traits@PADPADV?$_Uhash_compare@PADU?$hash@PAD@std@@U?$equal_to@PAD@2@@std@@V?$allocator@U?$pair@QADPAD@std@@@2@$0A@@std@@@std@@QAE?AV?$_List_iterator@V?$_List_val@U?$_List_simple_types@U?$pair@QADPAD@std@@@std@@@std@@@1@V21@@Z 1002b360 f i Hooks.obj
 0001:0002a410       ??$transform@V?$_String_iterator@V?$_String_val@U?$_Simple_types@D@std@@@std@@@std@@V12@P6AGG@Z@std@@YA?AV?$_String_iterator@V?$_String_val@U?$_Simple_types@D@std@@@std@@@0@V10@0V10@P6AGG@Z@Z 1002b410 f i Hooks.obj
 0001:0002a460       ??0?$shared_ptr@VNode@valve_parser@@@std@@QAE@ABV01@@Z 1002b460 f i Hooks.obj
 0001:0002a490       ??0exception@std@@QAE@ABV01@@Z 1002b490 f i Hooks.obj
 0001:0002a4c0       ??0runtime_error@std@@QAE@ABV01@@Z 1002b4c0 f i Hooks.obj
 0001:0002a500       ??0runtime_error@std@@QAE@PBD@Z 1002b500 f i Hooks.obj
 0001:0002a550       ??1?$ImVector@M@@QAE@XZ    1002b550 f i imgui_draw.obj
 0001:0002a550       ??1?$ImVector@Ustbrp_rect@@@@QAE@XZ 1002b550 f i imgui_draw.obj
 0001:0002a550       ??1?$ImVector@UGlyph@ImFont@@@@QAE@XZ 1002b550 f i imgui_draw.obj
 0001:0002a550       ??1?$ImVector@D@@QAE@XZ    1002b550 f i Hooks.obj
 0001:0002a5a0       ??1?$_Hash@V?$_Umap_traits@PADPADV?$_Uhash_compare@PADU?$hash@PAD@std@@U?$equal_to@PAD@2@@std@@V?$allocator@U?$pair@QADPAD@std@@@2@$0A@@std@@@std@@QAE@XZ 1002b5a0 f i Hooks.obj
 0001:0002a600       ??1?$deque@V?$shared_ptr@VNode@valve_parser@@@std@@V?$allocator@V?$shared_ptr@VNode@valve_parser@@@std@@@2@@std@@QAE@XZ 1002b600 f i Hooks.obj
 0001:0002a6f0       ??1?$list@U?$pair@QADPAD@std@@V?$allocator@U?$pair@QADPAD@std@@@2@@std@@QAE@XZ 1002b6f0 f i Hooks.obj
 0001:0002a740       ??1?$pair@$$CBV?$basic_string@DU?$char_traits@D@std@@V?$allocator@D@2@@std@@UskinInfo@@@std@@QAE@XZ 1002b740 f i Hooks.obj
 0001:0002a7d0       ??1?$pair@$$CBV?$basic_string@DU?$char_traits@D@std@@V?$allocator@D@2@@std@@V12@@std@@QAE@XZ 1002b7d0 f i Hooks.obj
 0001:0002a860       ??1?$pair@$$CBV?$basic_string@DU?$char_traits@D@std@@V?$allocator@D@2@@std@@V?$set@V?$basic_string@DU?$char_traits@D@std@@V?$allocator@D@2@@std@@U?$less@V?$basic_string@DU?$char_traits@D@std@@V?$allocator@D@2@@std@@@2@V?$allocator@V?$basic_string@DU?$char_traits@D@std@@V?$allocator@D@2@@std@@@2@@2@@std@@QAE@XZ 1002b860 f i Hooks.obj
 0001:0002a920       ??1?$vector@V?$basic_string@DU?$char_traits@D@std@@V?$allocator@D@2@@std@@V?$allocator@V?$basic_string@DU?$char_traits@D@std@@V?$allocator@D@2@@std@@@2@@std@@QAE@XZ 1002b920 f i Hooks.obj
 0001:0002a930       ??1?$vector@V?$shared_ptr@VNode@valve_parser@@@std@@V?$allocator@V?$shared_ptr@VNode@valve_parser@@@std@@@2@@std@@QAE@XZ 1002b930 f i Hooks.obj
 0001:0002a990       ??1Document@valve_parser@@QAE@XZ 1002b990 f i Hooks.obj
 0001:0002a9e0       ??1runtime_error@std@@UAE@XZ 1002b9e0 f i Hooks.obj
 0001:0002a9e0       ??1bad_exception@std@@UAE@XZ 1002b9e0 f i libvcruntime:frame.obj
 0001:0002a9e0       ??1invalid_argument@std@@UAE@XZ 1002b9e0 f i libcpmt:xthrow.obj
 0001:0002a9e0       ??1bad_alloc@std@@UAE@XZ   1002b9e0 f i LIBCMT:throw_bad_alloc.obj
 0001:0002a9e0       ??1failure@ios_base@std@@UAE@XZ 1002b9e0 f i Utilities.obj
 0001:0002a9e0       ??1bad_array_new_length@std@@UAE@XZ 1002b9e0 f i LIBCMT:throw_bad_alloc.obj
 0001:0002a9e0       ??1out_of_range@std@@UAE@XZ 1002b9e0 f i libcpmt:xthrow.obj
 0001:0002a9e0       ??1length_error@std@@UAE@XZ 1002b9e0 f i libcpmt:xthrow.obj
 0001:0002aa00       ??1skinInfo@@QAE@XZ        1002ba00 f i Hooks.obj
 0001:0002aa50       ??3@YAXPAX0@Z              1002ba50 f i Hooks.obj
 0001:0002aa50       ??3@YAXPAXUImPlacementNewDummy@@0@Z 1002ba50 f i imgui.obj
 0001:0002aa50       ?_Unlock@?$basic_streambuf@DU?$char_traits@D@std@@@std@@UAEXXZ 1002ba50 f i Utilities.obj
 0001:0002aa50       ?_Lock@?$basic_streambuf@DU?$char_traits@D@std@@@std@@UAEXXZ 1002ba50 f i Utilities.obj
 0001:0002aa50       @_guard_check_icall_nop@4  1002ba50 f i LIBCMT:guard_support.obj
 0001:0002aa60       ??A?$unordered_map@V?$basic_string@DU?$char_traits@D@std@@V?$allocator@D@2@@std@@UskinInfo@@U?$hash@V?$basic_string@DU?$char_traits@D@std@@V?$allocator@D@2@@std@@@2@U?$equal_to@V?$basic_string@DU?$char_traits@D@std@@V?$allocator@D@2@@std@@@2@V?$allocator@U?$pair@$$CBV?$basic_string@DU?$char_traits@D@std@@V?$allocator@D@2@@std@@UskinInfo@@@std@@@2@@std@@QAEAAUskinInfo@@ABV?$basic_string@DU?$char_traits@D@std@@V?$allocator@D@2@@1@@Z 1002ba60 f i Hooks.obj
 0001:0002aa80       ??A?$unordered_map@V?$basic_string@DU?$char_traits@D@std@@V?$allocator@D@2@@std@@V12@U?$hash@V?$basic_string@DU?$char_traits@D@std@@V?$allocator@D@2@@std@@@2@U?$equal_to@V?$basic_string@DU?$char_traits@D@std@@V?$allocator@D@2@@std@@@2@V?$allocator@U?$pair@$$CBV?$basic_string@DU?$char_traits@D@std@@V?$allocator@D@2@@std@@V12@@std@@@2@@std@@QAEAAV?$basic_string@DU?$char_traits@D@std@@V?$allocator@D@2@@1@ABV21@@Z 1002ba80 f i Hooks.obj
[...]
 0003:0051868c       ?w_printf@XorCompileTime@@3V<lambda>@@A 105da68c     LagComp.obj
 0003:0051868d       ?w_printf_s@XorCompileTime@@3V<lambda>@@A 105da68d     LagComp.obj
 0003:0051868e       ?w_sprintf_s@XorCompileTime@@3V<lambda>@@A 105da68e     LagComp.obj
 0003:0051868f       ?w_sprintf@XorCompileTime@@3V<lambda>@@A 105da68f     LagComp.obj
 0003:00518690       ?ItemDefinitionIndexMap@@3V?$map@W4ItemDefinitionIndexx@@UDefItem_t@@U?$less@W4ItemDefinitionIndexx@@@std@@V?$allocator@U?$pair@$$CBW4ItemDefinitionIndexx@@UDefItem_t@@@std@@@4@@std@@B 105da690     LagComp.obj
 0003:0051b6a0       ?vec2_origin@@3VVector2D@@B 105dd6a0     LagComp.obj
 0003:0051b6a9       ?w_printf@XorCompileTime@@3V<lambda>@@A 105dd6a9     LegitBot.obj
 0003:0051b6aa       ?w_printf_s@XorCompileTime@@3V<lambda>@@A 105dd6aa     LegitBot.obj
 0003:0051b6ab       ?w_sprintf_s@XorCompileTime@@3V<lambda>@@A 105dd6ab     LegitBot.obj
 0003:0051b6ac       ?ItemDefinitionIndexMap@@3V?$map@W4ItemDefinitionIndexx@@UDefItem_t@@U?$less@W4ItemDefinitionIndexx@@@std@@V?$allocator@U?$pair@$$CBW4ItemDefinitionIndexx@@UDefItem_t@@@std@@@4@@std@@B 105dd6ac     LegitBot.obj
 0003:0051b6b4       ?w_sprintf@XorCompileTime@@3V<lambda>@@A 105dd6b4     LegitBot.obj
 0003:0051b6b8       ?vec2_origin@@3VVector2D@@B 105dd6b8     LegitBot.obj
 0003:0051b6c0       ?custom_delay@@3HA         105dd6c0     LegitBot.obj
 0003:0051b6dc       ?yFlip@?6??LegitAA@legitbot@@QAEXPAVCUserCmd@CInput@@AA_N@Z@4_NA 105dd6dc     LegitBot.obj
 0003:0051b6e0       ?hitboxes@?1??get_hitbox@legitbot@@AAE_NPAVC_BaseEntity@@0AAVVector@@@Z@4V?$vector@HV?$allocator@H@std@@@std@@B 105dd6e0     LegitBot.obj
 0003:0051b6ec       ?$TSS0@?1??get_hitbox@legitbot@@AAE_NPAVC_BaseEntity@@0AAVVector@@@Z@4HA 105dd6ec     LegitBot.obj
 0003:0051b6f0       ?GoesThroughSmokeOffset@?L@??get_target@legitbot@@AAEHPAVC_BaseEntity@@PAVCBaseCombatWeapon@@PAVCUserCmd@CInput@@AAVVector@@@Z@4IA 105dd6f0     LegitBot.obj
 0003:0051b6f4       ?$TSS0@?L@??get_target@legitbot@@AAEHPAVC_BaseEntity@@PAVCBaseCombatWeapon@@PAVCUserCmd@CInput@@AAVVector@@@Z@4HA 105dd6f4     LegitBot.obj
 0003:0051b6f8       ?GoesThroughSmokeFunction@?L@??get_target@legitbot@@AAEHPAVC_BaseEntity@@PAVCBaseCombatWeapon@@PAVCUserCmd@CInput@@AAVVector@@@Z@4P6A_NV7@4@ZA 105dd6f8     LegitBot.obj
 0003:0051ba38       ?w_printf@XorCompileTime@@3V<lambda>@@A 105dda38     memesets.obj
 0003:0051ba39       ?w_printf_s@XorCompileTime@@3V<lambda>@@A 105dda39     memesets.obj
 0003:0051ba3a       ?w_sprintf_s@XorCompileTime@@3V<lambda>@@A 105dda3a     memesets.obj
 0003:0051ba3b       ?w_sprintf@XorCompileTime@@3V<lambda>@@A 105dda3b     memesets.obj
 0003:0051ba3c       ?ItemDefinitionIndexMap@@3V?$map@W4ItemDefinitionIndexx@@UDefItem_t@@U?$less@W4ItemDefinitionIndexx@@@std@@V?$allocator@U?$pair@$$CBW4ItemDefinitionIndexx@@UDefItem_t@@@std@@@4@@std@@B 105dda3c     memesets.obj
 0003:0051ba48       ?vec2_origin@@3VVector2D@@B 105dda48     memesets.obj
 0003:0051ba55       ?w_printf@XorCompileTime@@3V<lambda>@@A 105dda55     Misc.obj
 0003:0051ba56       ?w_printf_s@XorCompileTime@@3V<lambda>@@A 105dda56     Misc.obj
 0003:0051ba57       ?w_sprintf_s@XorCompileTime@@3V<lambda>@@A 105dda57     Misc.obj
 0003:0051ba58       ?ItemDefinitionIndexMap@@3V?$map@W4ItemDefinitionIndexx@@UDefItem_t@@U?$less@W4ItemDefinitionIndexx@@@std@@V?$allocator@U?$pair@$$CBW4ItemDefinitionIndexx@@UDefItem_t@@@std@@@4@@std@@B 105dda58     Misc.obj
 0003:0051ba60       ?w_sprintf@XorCompileTime@@3V<lambda>@@A 105dda60     Misc.obj
 0003:0051ba64       ?vec2_origin@@3VVector2D@@B 105dda64     Misc.obj
 0003:0051ba7c       ?jumped_last_tick@?EF@??OnCreateMove@misc@@QAEXPAVCUserCmd@CInput@@PAVC_BaseEntity@@AA_N@Z@4_NA 105dda7c     Misc.obj
 0003:0051ba7d       ?should_fake_jump@?EF@??OnCreateMove@misc@@QAEXPAVCUserCmd@CInput@@PAVC_BaseEntity@@AA_N@Z@4_NA 105dda7d     Misc.obj
 0003:0051ba80       ?counter@?FI@??OnCreateMove@misc@@QAEXPAVCUserCmd@CInput@@PAVC_BaseEntity@@AA_N@Z@4HA 105dda80     Misc.obj
 0003:0051ba84       ?motion@?FI@??OnCreateMove@misc@@QAEXPAVCUserCmd@CInput@@PAVC_BaseEntity@@AA_N@Z@4HA 105dda84     Misc.obj
 0003:0051ba88       ?counter@?GH@??OnCreateMove@misc@@QAEXPAVCUserCmd@CInput@@PAVC_BaseEntity@@AA_N@Z@4HA 105dda88     Misc.obj
 0003:0051ba8c       ?motion@?GH@??OnCreateMove@misc@@QAEXPAVCUserCmd@CInput@@PAVC_BaseEntity@@AA_N@Z@4HA 105dda8c     Misc.obj
 0003:0051ba90       ?counter@?HG@??OnCreateMove@misc@@QAEXPAVCUserCmd@CInput@@PAVC_BaseEntity@@AA_N@Z@4HA 105dda90     Misc.obj
 0003:0051ba94       ?motion@?HG@??OnCreateMove@misc@@QAEXPAVCUserCmd@CInput@@PAVC_BaseEntity@@AA_N@Z@4HA 105dda94     Misc.obj
 0003:0051ba98       ?counter@?IF@??OnCreateMove@misc@@QAEXPAVCUserCmd@CInput@@PAVC_BaseEntity@@AA_N@Z@4HA 105dda98     Misc.obj
 0003:0051ba9c       ?motion@?IF@??OnCreateMove@misc@@QAEXPAVCUserCmd@CInput@@PAVC_BaseEntity@@AA_N@Z@4HA 105dda9c     Misc.obj
 0003:0051baa0       ?counter@?JE@??OnCreateMove@misc@@QAEXPAVCUserCmd@CInput@@PAVC_BaseEntity@@AA_N@Z@4HA 105ddaa0     Misc.obj
 0003:0051baa4       ?motion@?JE@??OnCreateMove@misc@@QAEXPAVCUserCmd@CInput@@PAVC_BaseEntity@@AA_N@Z@4HA 105ddaa4     Misc.obj
 0003:0051baa8       ?WasFiring@?1??OnCreateMove@misc@@QAEXPAVCUserCmd@CInput@@PAVC_BaseEntity@@AA_N@Z@4_NA 105ddaa8     Misc.obj
 0003:0051baac       ?lastTime@?1??OnCreateMove@misc@@QAEXPAVCUserCmd@CInput@@PAVC_BaseEntity@@AA_N@Z@4IA 105ddaac     Misc.obj
 0003:0051bab0       ?counter@?1??OnCreateMove@misc@@QAEXPAVCUserCmd@CInput@@PAVC_BaseEntity@@AA_N@Z@4HA 105ddab0     Misc.obj
 0003:0051bab4       ?name@?NJ@??OnCreateMove@misc@@QAEXPAVCUserCmd@CInput@@PAVC_BaseEntity@@AA_N@Z@4PAVConVar@@A 105ddab4     Misc.obj
 0003:0051bab8       ?$TSS0@?NJ@??OnCreateMove@misc@@QAEXPAVCUserCmd@CInput@@PAVC_BaseEntity@@AA_N@Z@4HA 105ddab8     Misc.obj
 0003:0051babc       ?developer@?1??logsrun@misc@@QAEXXZ@4PAVConVar@@A 105ddabc     Misc.obj
 0003:0051bac0       ?$TSS0@?1??logsrun@misc@@QAEXXZ@4HA 105ddac0     Misc.obj
 0003:0051bac4       ?con_filter_text@?1??logsrun@misc@@QAEXXZ@4PAVConVar@@A 105ddac4     Misc.obj
 0003:0051bac8       ?$TSS1@?1??logsrun@misc@@QAEXXZ@4HA 105ddac8     Misc.obj
 0003:0051bacc       ?con_filter_text_out@?1??logsrun@misc@@QAEXXZ@4PAVConVar@@A 105ddacc     Misc.obj
 0003:0051bad0       ?$TSS2@?1??logsrun@misc@@QAEXXZ@4HA 105ddad0     Misc.obj
 0003:0051bad4       ?con_filter_enable@?1??logsrun@misc@@QAEXXZ@4PAVConVar@@A 105ddad4     Misc.obj
 0003:0051bad8       ?$TSS3@?1??logsrun@misc@@QAEXXZ@4HA 105ddad8     Misc.obj
 0003:0051badc       ?developer@?1??logsrun2@misc@@QAEXXZ@4PAVConVar@@A 105ddadc     Misc.obj
 0003:0051bae0       ?$TSS0@?1??logsrun2@misc@@QAEXXZ@4HA 105ddae0     Misc.obj
 0003:0051bae4       ?con_filter_text@?1??logsrun2@misc@@QAEXXZ@4PAVConVar@@A 105ddae4     Misc.obj
 0003:0051bae8       ?$TSS1@?1??logsrun2@misc@@QAEXXZ@4HA 105ddae8     Misc.obj
 0003:0051baec       ?con_filter_text_out@?1??logsrun2@misc@@QAEXXZ@4PAVConVar@@A 105ddaec     Misc.obj
 0003:0051baf0       ?$TSS2@?1??logsrun2@misc@@QAEXXZ@4HA 105ddaf0     Misc.obj
 0003:0051baf4       ?con_filter_enable@?1??logsrun2@misc@@QAEXXZ@4PAVConVar@@A 105ddaf4     Misc.obj
 0003:0051baf8       ?$TSS3@?1??logsrun2@misc@@QAEXXZ@4HA 105ddaf8     Misc.obj
 0003:0051bafc       ?Strafer@?1??AutoStrafe@misc@@SAXPAVCUserCmd@CInput@@PAVC_BaseEntity@@VVector@@@Z@4VAutoStrafer@@A 105ddafc     Misc.obj
 0003:0051bb00       ?zhop@?BF@??AutoStrafe@misc@@SAXPAVCUserCmd@CInput@@PAVC_BaseEntity@@VVector@@@Z@4HA 105ddb00     Misc.obj
 0003:0051bb04       ?w_printf@XorCompileTime@@3V<lambda>@@A 105ddb04     NetVarManager.obj
 0003:0051bb05       ?w_printf_s@XorCompileTime@@3V<lambda>@@A 105ddb05     NetVarManager.obj
 0003:0051bb06       ?w_sprintf_s@XorCompileTime@@3V<lambda>@@A 105ddb06     NetVarManager.obj
 0003:0051bb07       ?w_sprintf@XorCompileTime@@3V<lambda>@@A 105ddb07     NetVarManager.obj
 0003:0051bb08       ?ItemDefinitionIndexMap@@3V?$map@W4ItemDefinitionIndexx@@UDefItem_t@@U?$less@W4ItemDefinitionIndexx@@@std@@V?$allocator@U?$pair@$$CBW4ItemDefinitionIndexx@@UDefItem_t@@@std@@@4@@std@@B 105ddb08     NetVarManager.obj
 0003:0051bb14       ?vec2_origin@@3VVector2D@@B 105ddb14     NetVarManager.obj
 0003:0051bb1d       ?w_printf@XorCompileTime@@3V<lambda>@@A 105ddb1d     RageBot.obj
 0003:0051bb1e       ?w_printf_s@XorCompileTime@@3V<lambda>@@A 105ddb1e     RageBot.obj
 0003:0051bb1f       ?w_sprintf_s@XorCompileTime@@3V<lambda>@@A 105ddb1f     RageBot.obj
 0003:0051bb20       ?ItemDefinitionIndexMap@@3V?$map@W4ItemDefinitionIndexx@@UDefItem_t@@U?$less@W4ItemDefinitionIndexx@@@std@@V?$allocator@U?$pair@$$CBW4ItemDefinitionIndexx@@UDefItem_t@@@std@@@4@@std@@B 105ddb20     RageBot.obj
 0003:0051bb28       ?w_sprintf@XorCompileTime@@3V<lambda>@@A 105ddb28     RageBot.obj
 0003:0051bb2c       ?vec2_origin@@3VVector2D@@B 105ddb2c     RageBot.obj
 0003:0051bb34       ?WasFiring@?1??DoAimbot@ragebot@@AAEXPAVCUserCmd@CInput@@AA_N@Z@4_NA 105ddb34     RageBot.obj
 0003:0051bb38       ?baim@?1??HitScan@ragebot@@AAEHPAVC_BaseEntity@@@Z@4V?$vector@HV?$allocator@H@std@@@std@@A 105ddb38     RageBot.obj
 0003:0051bb44       ?$TSS0@?1??HitScan@ragebot@@AAEHPAVC_BaseEntity@@@Z@4HA 105ddb44     RageBot.obj
 0003:0051bb48       ?ticks@?1??DoAntiAim@ragebot@@AAEXPAVCUserCmd@CInput@@AA_N@Z@4HA 105ddb48     RageBot.obj
 0003:0051bb4c       ?flip@?1??DoAntiAim@ragebot@@AAEXPAVCUserCmd@CInput@@AA_N@Z@4_NA 105ddb4c     RageBot.obj
 0003:0051bb4d       ?dir@?CC@??DoAntiAim@ragebot@@AAEXPAVCUserCmd@CInput@@AA_N@Z@4_NA 105ddb4d     RageBot.obj
 0003:0051bb4e       ?dir@?DO@??DoAntiAim@ragebot@@AAEXPAVCUserCmd@CInput@@AA_N@Z@4_NA 105ddb4e     RageBot.obj
 0003:0051bb50       ?jitterangle@?DO@??DoAntiAim@ragebot@@AAEXPAVCUserCmd@CInput@@AA_N@Z@4HA 105ddb50     RageBot.obj
 0003:0051bb54       ?llamaflip@?HI@??DoAntiAim@ragebot@@AAEXPAVCUserCmd@CInput@@AA_N@Z@4_NA 105ddb54     RageBot.obj
 0003:0051bb58       ?oldLBY@?HI@??DoAntiAim@ragebot@@AAEXPAVCUserCmd@CInput@@AA_N@Z@4MA 105ddb58     RageBot.obj
 0003:0051bb5c       ?dir@?HM@??DoAntiAim@ragebot@@AAEXPAVCUserCmd@CInput@@AA_N@Z@4_NA 105ddb5c     RageBot.obj
 0003:0051bb5d       ?dir@?IO@??DoAntiAim@ragebot@@AAEXPAVCUserCmd@CInput@@AA_N@Z@4_NA 105ddb5d     RageBot.obj
 0003:0051bb60       ?jitterangle@?IO@??DoAntiAim@ragebot@@AAEXPAVCUserCmd@CInput@@AA_N@Z@4HA 105ddb60     RageBot.obj
 0003:0051bb64       ?jitterangle@?LK@??DoAntiAim@ragebot@@AAEXPAVCUserCmd@CInput@@AA_N@Z@4HA 105ddb64     RageBot.obj
 0003:0051bb68       ?jitterangle@?MO@??DoAntiAim@ragebot@@AAEXPAVCUserCmd@CInput@@AA_N@Z@4HA 105ddb68     RageBot.obj
 0003:0051bb78       ?w_printf@XorCompileTime@@3V<lambda>@@A 105ddb78     Render.obj
 0003:0051bb79       ?w_printf_s@XorCompileTime@@3V<lambda>@@A 105ddb79     Render.obj
 0003:0051bb7a       ?w_sprintf_s@XorCompileTime@@3V<lambda>@@A 105ddb7a     Render.obj
 0003:0051bb7b       ?w_sprintf@XorCompileTime@@3V<lambda>@@A 105ddb7b     Render.obj
 0003:0051bb7c       ?ItemDefinitionIndexMap@@3V?$map@W4ItemDefinitionIndexx@@UDefItem_t@@U?$less@W4ItemDefinitionIndexx@@@std@@V?$allocator@U?$pair@$$CBW4ItemDefinitionIndexx@@UDefItem_t@@@std@@@4@@std@@B 105ddb7c     Render.obj
 0003:0051bb84       ?vec2_origin@@3VVector2D@@B 105ddb84     Render.obj
 0003:0051bb8c       ?w_printf@XorCompileTime@@3V<lambda>@@A 105ddb8c     SpoofedConvar.obj
 0003:0051bb8d       ?w_printf_s@XorCompileTime@@3V<lambda>@@A 105ddb8d     SpoofedConvar.obj
 0003:0051bb8e       ?w_sprintf_s@XorCompileTime@@3V<lambda>@@A 105ddb8e     SpoofedConvar.obj
 0003:0051bb8f       ?w_sprintf@XorCompileTime@@3V<lambda>@@A 105ddb8f     SpoofedConvar.obj
 0003:0051bb90       ?ItemDefinitionIndexMap@@3V?$map@W4ItemDefinitionIndexx@@UDefItem_t@@U?$less@W4ItemDefinitionIndexx@@@std@@V?$allocator@U?$pair@$$CBW4ItemDefinitionIndexx@@UDefItem_t@@@std@@@4@@std@@B 105ddb90     SpoofedConvar.obj
 0003:0051bb98       ?vec2_origin@@3VVector2D@@B 105ddb98     SpoofedConvar.obj
 0003:0051bbc4       ?w_printf@XorCompileTime@@3V<lambda>@@A 105ddbc4     MiscFunctions.obj
 0003:0051bbc5       ?w_printf_s@XorCompileTime@@3V<lambda>@@A 105ddbc5     MiscFunctions.obj
 0003:0051bbc6       ?w_sprintf_s@XorCompileTime@@3V<lambda>@@A 105ddbc6     MiscFunctions.obj
 0003:0051bbc7       ?w_sprintf@XorCompileTime@@3V<lambda>@@A 105ddbc7     MiscFunctions.obj
 0003:0051bbc8       ?ItemDefinitionIndexMap@@3V?$map@W4ItemDefinitionIndexx@@UDefItem_t@@U?$less@W4ItemDefinitionIndexx@@@std@@V?$allocator@U?$pair@$$CBW4ItemDefinitionIndexx@@UDefItem_t@@@std@@@4@@std@@B 105ddbc8     MiscFunctions.obj
 0003:0051bc48       ?vec2_origin@@3VVector2D@@B 105ddc48     MiscFunctions.obj
 0003:0051bc50       ?TraceToExit@?1??0@YA_NAAVVector@@AAVCGameTrace@@V1@2PAV2@@Z@4KA 105ddc50     MiscFunctions.obj
 0003:0051bc54       ?$TSS0@?1??TraceToExit@@YA_NAAVVector@@AAVCGameTrace@@V2@2PAV3@@Z@4HA 105ddc54     MiscFunctions.obj
 0003:0051bc59       ?pattern_to_byte@?1??pattern_scan@U@@YAPAEPAXPBD@Z@4V<lambda>@@A 105ddc59     Utilities.obj
 0003:0051bc84       ?module_local_atexit_table@@3U_onexit_table_t@@A 105ddc84     LIBCMT:utility.obj
 0003:0051bc90       ?module_local_at_quick_exit_table@@3U_onexit_table_t@@A 105ddc90     LIBCMT:utility.obj
 0003:0051bc9c       ?module_local_atexit_table_initialized@@3_NA 105ddc9c     LIBCMT:utility.obj
 0003:0051bc9d       ?is_initialized_as_dll@@3_NA 105ddc9d     LIBCMT:utility.obj
 0003:0051bca0       ?_Tss_mutex@@3U_RTL_CRITICAL_SECTION@@A 105ddca0     LIBCMT:thread_safe_statics.obj
 0003:0051bcb8       ?_Tss_cv@@3U_RTL_CONDITION_VARIABLE@@A 105ddcb8     LIBCMT:thread_safe_statics.obj
 0003:0051bcbc       ?_Tss_event@@3PAXA         105ddcbc     LIBCMT:thread_safe_statics.obj
 0003:0051bcc0       ?encoded_sleep_condition_variable_cs@@3P6GHPAU_RTL_CONDITION_VARIABLE@@PAU_RTL_CRITICAL_SECTION@@K@ZA 105ddcc0     LIBCMT:thread_safe_statics.obj
 0003:0051bcc4       ?encoded_wake_all_condition_variable@@3P6GXPAU_RTL_CONDITION_VARIABLE@@@ZA 105ddcc4     LIBCMT:thread_safe_statics.obj
 0003:0051bcd0       _GS_ExceptionRecord        105ddcd0     LIBCMT:gs_report.obj
 0003:0051bd20       _GS_ContextRecord          105ddd20     LIBCMT:gs_report.obj
 0003:0051bfec       ?__proc_attached@@3HA      105ddfec     LIBCMT:dll_dllmain.obj
 0003:0051c00c       ?stdstr@std@@3PAPAVios_base@1@A 105de00c     libcpmt:ios.obj
 0003:0051c034       ?stdopens@std@@3PADA       105de034     libcpmt:ios.obj
 0003:0051c040       ?initlocks@std@@3V_Init_locks@1@A 105de040     libcpmt:xlock.obj
 0003:0051c048       ?mtx@std@@3PAU_RTL_CRITICAL_SECTION@@A 105de048     libcpmt:xlock.obj
 0003:0051c10c       _global_locale             105de10c     libcpmt:locale0.obj
 0003:0051c110       ?_Fac_head@std@@3PAU_Fac_node@1@A 105de110     libcpmt:locale0.obj
 0003:0051c12c       ?classic_locale@std@@3Vlocale@1@A 105de12c     libcpmt:locale0.obj
 0003:0051c134       ?_Fac_tidy_reg@std@@3U_Fac_tidy_reg_t@1@B 105de134     libcpmt:locale0.obj
 0003:0051c135       ?registered@?1??_Setgloballocale@locale@std@@CAXPAX@Z@4_NA 105de135     libcpmt:locale0.obj
 0003:0051c158       ?atfuns_cdecl@@3PAP6AXXZA  105de158     libcpmt:iosptrs.obj
 0003:0051c180       ?initlocks@std@@3V_Init_locks@1@A 105de180     libcpmt:iosptrs.obj
 0003:0051c181       ?init_atexit@@3U_Init_atexit@@A 105de181     libcpmt:iosptrs.obj
 0003:0051c2ac       ?module_handles@@3PAPAUHINSTANCE__@@A 105de2ac     libvcruntime:winapi_downlevel.obj
 0003:0051c2b8       ?encoded_function_pointers@@3PAPAXA 105de2b8     libvcruntime:winapi_downlevel.obj
 0003:0051c2d0       ?__vcrt_startup_thread_ptd@@3U__vcrt_ptd@@A 105de2d0     libvcruntime:per_thread_data.obj
 0003:0051c2f8       ___vcrt_lock_table         105de2f8     libvcruntime:locks.obj
 0003:0051c310       ___vcrt_locks_initialized  105de310     libvcruntime:locks.obj
 0003:0051c33c       ?heap@@3V_HeapManager@@A   105de33c     libvcruntime:undname.obj
 0003:0051c350       ?__acrt_invalid_parameter_handler@@3V?$dual_state_global@P6AXPB_W00II@Z@__crt_state_management@@A 105de350     libucrt:invalid_parameter.obj
 0003:0051c354       ?static_buffer@?1???$common_asctime@D@@YAPADQBUtm@@@Z@4PADA 105de354     libucrt:asctime.obj
 0003:0051c37c       ?__acrt_new_handler@@3V?$dual_state_global@P6AHI@Z@__crt_state_management@@A 105de37c     libucrt:new_handler.obj
 0003:0051c380       ?c_termination_complete@@3JA 105de380     libucrt:exit.obj
 0003:0051c384       ?thread_local_exit_callback_func@@3P6GXPAXK0@ZA 105de384     libucrt:exit.obj
 0003:0051c390       ?program_name@?1???$common_configure_argv@D@@YAHW4_crt_argv_mode@@@Z@4PADA 105de390     libucrt:argv_parsing.obj
 0003:0051c4c0       ?__acrt_lock_table@@3PAU_RTL_CRITICAL_SECTION@@A 105de4c0     libucrt:locks.obj
 0003:0051c610       ?__acrt_locks_initialized@@3IA 105de610     libucrt:locks.obj
 0003:0051c82c       __pmatherr_set             105de82c     libucrt:libm_error.obj
 0003:0051c830       ?enable_percent_n@@3IA     105de830     libucrt:printf_count_output.obj
 0003:0051c848       ?_tzname@@3V?$dual_state_global@PAPAD@__crt_state_management@@A 105de848     libucrt:timeset.obj
 0003:0051c84c       ?last_tz@@3PADA            105de84c     libucrt:tzset.obj
 0003:0051c850       ?tz_api_used@@3HA          105de850     libucrt:tzset.obj
 0003:0051c858       ?tz_info@@3U_TIME_ZONE_INFORMATION@@A 105de858     libucrt:tzset.obj
 0003:0051c904       ?first_time@?1??__tzset@@9@4JA 105de904     libucrt:tzset.obj
 0003:0051c908       ?module_handles@@3PAPAUHINSTANCE__@@A 105de908     libucrt:winapi_thunks.obj
 0003:0051c958       ?encoded_function_pointers@@3PAPAXA 105de958     libucrt:winapi_thunks.obj
 0003:0051c9e0       ?static_enum_proc@?1??enum_system_locales_ex_nolock@@YAHQ6GHPA_WKJ@Z@Z@4P6GH0KJ@ZA 105de9e0     libucrt:winapi_thunks.obj
 0003:0051c9f0       ?fSystemSet@@3HA           105de9f0     libucrt:mbctype.obj
 0003:0051c9f4       ?initialized@?1??__acrt_initialize_multibyte@@9@4_NA 105de9f4     libucrt:mbctype.obj
 0003:0051ca14       ?ctrlc_action@@3V?$dual_state_global@P6AXH@Z@__crt_state_management@@A 105dea14     libucrt:signal.obj
 0003:0051ca18       ?ctrlbreak_action@@3V?$dual_state_global@P6AXH@Z@__crt_state_management@@A 105dea18     libucrt:signal.obj
 0003:0051ca1c       ?abort_action@@3V?$dual_state_global@P6AXH@Z@__crt_state_management@@A 105dea1c     libucrt:signal.obj
 0003:0051ca20       ?term_action@@3V?$dual_state_global@P6AXH@Z@__crt_state_management@@A 105dea20     libucrt:signal.obj
 0003:0051ca24       ?user_matherr@@3V?$dual_state_global@P6AHPAU_exception@@@Z@__crt_state_management@@A 105dea24     libucrt:matherr.obj
 0003:0051ca28       ?__acrt_global_new_mode@@3V?$dual_state_global@J@__crt_state_management@@A 105dea28     libucrt:new_mode.obj
 0003:0051ca34       ?__acrt_app_type@@3W4_crt_app_type@@A 105dea34     libucrt:report_runtime_error.obj
 0004:00000000       _static_const_table        105df000     LIBCMT:_svml_dcos2_sse2_.obj
 0004:00000200       _static_const_table        105df200     LIBCMT:_svml_dsin2_sse2_.obj
 0004:00000400       __e02PI                    105df400     LIBCMT:_svml_dtrig_.obj
 0004:000005a0       __e04PI                    105df5a0     LIBCMT:_svml_dtrig_.obj
 0004:00000730       _2il0floatpacket_2         105df730     LIBCMT:_svml_dtrig_.obj
 0004:00000740       _2il0floatpacket_9         105df740     LIBCMT:_svml_dtrig_.obj
 0004:00000750       _2il0floatpacket_12        105df750     LIBCMT:_svml_dtrig_.obj
 0004:00000760       __dPI02                    105df760     LIBCMT:_svml_dtrig_.obj
 0004:00000770       __d02PI                    105df770     LIBCMT:_svml_dtrig_.obj
 0004:00000780       __DP4                      105df780     LIBCMT:_svml_dtrig_.obj
 0004:000007a0       __dPI04                    105df7a0     LIBCMT:_svml_dtrig_.obj
 0004:000007b0       __d04PI                    105df7b0     LIBCMT:_svml_dtrig_.obj
 0004:000007c0       __QP4                      105df7c0     LIBCMT:_svml_dtrig_.obj
 0005:00000060       $R000000                   105e0060     FROSTY v2.res
